[progress] Starting simulations: total_runs=18000
[progress] runs 50/18000 (  0.3%) elapsed=00:03 eta=18:09
[progress] runs 100/18000 (  0.6%) elapsed=00:06 eta=17:26
[progress] runs 150/18000 (  0.8%) elapsed=00:09 eta=17:34
[progress] runs 200/18000 (  1.1%) elapsed=00:12 eta=17:18
[progress] runs 250/18000 (  1.4%) elapsed=00:14 eta=17:08
[progress] runs 300/18000 (  1.7%) elapsed=00:17 eta=16:50
[progress] runs 350/18000 (  1.9%) elapsed=00:20 eta=16:43
[progress] runs 400/18000 (  2.2%) elapsed=00:23 eta=16:34
[progress] runs 450/18000 (  2.5%) elapsed=00:25 eta=16:27
[progress] runs 500/18000 (  2.8%) elapsed=00:28 eta=16:25
[progress] runs 550/18000 (  3.1%) elapsed=00:31 eta=16:17
[progress] runs 600/18000 (  3.3%) elapsed=00:33 eta=16:11
[progress] runs 650/18000 (  3.6%) elapsed=00:36 eta=16:11
[progress] runs 700/18000 (  3.9%) elapsed=00:39 eta=16:12
[progress] runs 750/18000 (  4.2%) elapsed=00:42 eta=16:12
[progress] runs 800/18000 (  4.4%) elapsed=00:45 eta=16:09
[progress] runs 850/18000 (  4.7%) elapsed=00:48 eta=16:03
[progress] runs 900/18000 (  5.0%) elapsed=00:50 eta=15:58
[progress] runs 950/18000 (  5.3%) elapsed=00:53 eta=15:54
[progress] runs 1000/18000 (  5.6%) elapsed=00:56 eta=15:49
[progress] runs 1050/18000 (  5.8%) elapsed=00:59 eta=15:49
[progress] runs 1100/18000 (  6.1%) elapsed=01:02 eta=15:50
[progress] runs 1150/18000 (  6.4%) elapsed=01:05 eta=15:50
[progress] runs 1200/18000 (  6.7%) elapsed=01:08 eta=15:46
[progress] runs 1250/18000 (  6.9%) elapsed=01:10 eta=15:45
[progress] runs 1300/18000 (  7.2%) elapsed=01:13 eta=15:42
[progress] runs 1350/18000 (  7.5%) elapsed=01:16 eta=15:40
[progress] runs 1400/18000 (  7.8%) elapsed=01:19 eta=15:38
[progress] runs 1450/18000 (  8.1%) elapsed=01:22 eta=15:38
[progress] runs 1500/18000 (  8.3%) elapsed=01:25 eta=15:35
[progress] runs 1550/18000 (  8.6%) elapsed=01:28 eta=15:33
[progress] runs 1600/18000 (  8.9%) elapsed=01:31 eta=15:31
[progress] runs 1650/18000 (  9.2%) elapsed=01:34 eta=15:31
[progress] runs 1700/18000 (  9.4%) elapsed=01:37 eta=15:32
[progress] runs 1750/18000 (  9.7%) elapsed=01:40 eta=15:32
[progress] runs 1800/18000 ( 10.0%) elapsed=01:43 eta=15:30
[progress] runs 1850/18000 ( 10.3%) elapsed=01:46 eta=15:26
[progress] runs 1900/18000 ( 10.6%) elapsed=01:49 eta=15:23
[progress] runs 1950/18000 ( 10.8%) elapsed=01:52 eta=15:19
[progress] runs 2000/18000 ( 11.1%) elapsed=01:55 eta=15:17
[progress] runs 2050/18000 ( 11.4%) elapsed=01:58 eta=15:16
[progress] runs 2100/18000 ( 11.7%) elapsed=02:01 eta=15:14
[progress] runs 2150/18000 ( 11.9%) elapsed=02:04 eta=15:12
[progress] runs 2200/18000 ( 12.2%) elapsed=02:07 eta=15:09
[progress] runs 2250/18000 ( 12.5%) elapsed=02:10 eta=15:07
[progress] runs 2300/18000 ( 12.8%) elapsed=02:13 eta=15:05
[progress] runs 2350/18000 ( 13.1%) elapsed=02:15 eta=15:02
[progress] runs 2400/18000 ( 13.3%) elapsed=02:18 eta=14:59
[progress] runs 2450/18000 ( 13.6%) elapsed=02:21 eta=14:57
[progress] runs 2500/18000 ( 13.9%) elapsed=02:24 eta=14:53
[progress] runs 2550/18000 ( 14.2%) elapsed=02:27 eta=14:50
[progress] runs 2600/18000 ( 14.4%) elapsed=02:30 eta=14:47
[progress] runs 2650/18000 ( 14.7%) elapsed=02:33 eta=14:46
[progress] runs 2700/18000 ( 15.0%) elapsed=02:36 eta=14:45
[progress] runs 2750/18000 ( 15.3%) elapsed=02:39 eta=14:43
[progress] runs 2800/18000 ( 15.6%) elapsed=02:42 eta=14:40
[progress] runs 2850/18000 ( 15.8%) elapsed=02:45 eta=14:37
[progress] runs 2900/18000 ( 16.1%) elapsed=02:48 eta=14:37
[progress] runs 2950/18000 ( 16.4%) elapsed=02:51 eta=14:34
[progress] runs 3000/18000 ( 16.7%) elapsed=02:54 eta=14:30
[progress] runs 3050/18000 ( 16.9%) elapsed=02:57 eta=14:26
[progress] runs 3100/18000 ( 17.2%) elapsed=02:59 eta=14:22
[progress] runs 3150/18000 ( 17.5%) elapsed=03:02 eta=14:19
[progress] runs 3200/18000 ( 17.8%) elapsed=03:05 eta=14:16
[progress] runs 3250/18000 ( 18.1%) elapsed=03:08 eta=14:13
[progress] runs 3300/18000 ( 18.3%) elapsed=03:11 eta=14:11
[progress] runs 3350/18000 ( 18.6%) elapsed=03:14 eta=14:09
[progress] runs 3400/18000 ( 18.9%) elapsed=03:17 eta=14:05
[progress] runs 3450/18000 ( 19.2%) elapsed=03:19 eta=14:01
[progress] runs 3500/18000 ( 19.4%) elapsed=03:22 eta=13:56
[progress] runs 3550/18000 ( 19.7%) elapsed=03:24 eta=13:52
[progress] runs 3600/18000 ( 20.0%) elapsed=03:27 eta=13:48
[progress] runs 3650/18000 ( 20.3%) elapsed=03:30 eta=13:46
[progress] runs 3700/18000 ( 20.6%) elapsed=03:33 eta=13:43
[progress] runs 3750/18000 ( 20.8%) elapsed=03:36 eta=13:41
[progress] runs 3800/18000 ( 21.1%) elapsed=03:39 eta=13:38
[progress] runs 3850/18000 ( 21.4%) elapsed=03:41 eta=13:34
[progress] runs 3900/18000 ( 21.7%) elapsed=03:44 eta=13:30
[progress] runs 3950/18000 ( 21.9%) elapsed=03:47 eta=13:27
[progress] runs 4000/18000 ( 22.2%) elapsed=03:49 eta=13:22
[progress] runs 4050/18000 ( 22.5%) elapsed=03:52 eta=13:20
[progress] runs 4100/18000 ( 22.8%) elapsed=03:55 eta=13:17
[progress] runs 4150/18000 ( 23.1%) elapsed=03:58 eta=13:14
[progress] runs 4200/18000 ( 23.3%) elapsed=04:01 eta=13:11
[progress] runs 4250/18000 ( 23.6%) elapsed=04:04 eta=13:08
[progress] runs 4300/18000 ( 23.9%) elapsed=04:06 eta=13:05
[progress] runs 4350/18000 ( 24.2%) elapsed=04:09 eta=13:02
[progress] runs 4400/18000 ( 24.4%) elapsed=04:12 eta=12:59
[progress] runs 4450/18000 ( 24.7%) elapsed=04:15 eta=12:56
[progress] runs 4500/18000 ( 25.0%) elapsed=04:17 eta=12:51
[progress] runs 4550/18000 ( 25.3%) elapsed=04:20 eta=12:48
[progress] runs 4600/18000 ( 25.6%) elapsed=04:23 eta=12:45
[progress] runs 4650/18000 ( 25.8%) elapsed=04:25 eta=12:42
[progress] runs 4700/18000 ( 26.1%) elapsed=04:28 eta=12:40
[progress] runs 4750/18000 ( 26.4%) elapsed=04:31 eta=12:37
[progress] runs 4800/18000 ( 26.7%) elapsed=04:34 eta=12:34
[progress] runs 4850/18000 ( 26.9%) elapsed=04:37 eta=12:31
[progress] runs 4900/18000 ( 27.2%) elapsed=04:40 eta=12:29
[progress] runs 4950/18000 ( 27.5%) elapsed=04:43 eta=12:26
[progress] runs 5000/18000 ( 27.8%) elapsed=04:45 eta=12:22
[progress] runs 5050/18000 ( 28.1%) elapsed=04:48 eta=12:20
[progress] runs 5100/18000 ( 28.3%) elapsed=04:51 eta=12:17
[progress] runs 5150/18000 ( 28.6%) elapsed=04:54 eta=12:15
[progress] runs 5200/18000 ( 28.9%) elapsed=04:57 eta=12:12
[progress] runs 5250/18000 ( 29.2%) elapsed=05:00 eta=12:09
[progress] runs 5300/18000 ( 29.4%) elapsed=05:03 eta=12:06
[progress] runs 5350/18000 ( 29.7%) elapsed=05:06 eta=12:03
[progress] runs 5400/18000 ( 30.0%) elapsed=05:09 eta=12:01
[progress] runs 5450/18000 ( 30.3%) elapsed=05:12 eta=11:58
[progress] runs 5500/18000 ( 30.6%) elapsed=05:15 eta=11:55
[progress] runs 5550/18000 ( 30.8%) elapsed=05:17 eta=11:52
[progress] runs 5600/18000 ( 31.1%) elapsed=05:20 eta=11:49
[progress] runs 5650/18000 ( 31.4%) elapsed=05:23 eta=11:47
[progress] runs 5700/18000 ( 31.7%) elapsed=05:27 eta=11:45
[progress] runs 5750/18000 ( 31.9%) elapsed=05:30 eta=11:42
[progress] runs 5800/18000 ( 32.2%) elapsed=05:33 eta=11:40
[progress] runs 5850/18000 ( 32.5%) elapsed=05:35 eta=11:37
[progress] runs 5900/18000 ( 32.8%) elapsed=05:38 eta=11:34
[progress] runs 5950/18000 ( 33.1%) elapsed=05:41 eta=11:31
[progress] runs 6000/18000 ( 33.3%) elapsed=05:44 eta=11:27
[progress] runs 6050/18000 ( 33.6%) elapsed=05:46 eta=11:24
[progress] runs 6100/18000 ( 33.9%) elapsed=05:49 eta=11:21
[progress] runs 6150/18000 ( 34.2%) elapsed=05:52 eta=11:18
[progress] runs 6200/18000 ( 34.4%) elapsed=05:55 eta=11:15
[progress] runs 6250/18000 ( 34.7%) elapsed=05:57 eta=11:12
[progress] runs 6300/18000 ( 35.0%) elapsed=06:00 eta=11:09
[progress] runs 6350/18000 ( 35.3%) elapsed=06:03 eta=11:06
[progress] runs 6400/18000 ( 35.6%) elapsed=06:06 eta=11:02
[progress] runs 6450/18000 ( 35.8%) elapsed=06:08 eta=11:00
[progress] runs 6500/18000 ( 36.1%) elapsed=06:11 eta=10:57
[progress] runs 6550/18000 ( 36.4%) elapsed=06:14 eta=10:54
[progress] runs 6600/18000 ( 36.7%) elapsed=06:17 eta=10:51
[progress] runs 6650/18000 ( 36.9%) elapsed=06:20 eta=10:49
[progress] runs 6700/18000 ( 37.2%) elapsed=06:23 eta=10:46
[progress] runs 6750/18000 ( 37.5%) elapsed=06:26 eta=10:44
[progress] runs 6800/18000 ( 37.8%) elapsed=06:29 eta=10:41
[progress] runs 6850/18000 ( 38.1%) elapsed=06:32 eta=10:38
[progress] runs 6900/18000 ( 38.3%) elapsed=06:35 eta=10:35
[progress] runs 6950/18000 ( 38.6%) elapsed=06:37 eta=10:32
[progress] runs 7000/18000 ( 38.9%) elapsed=06:40 eta=10:29
[progress] runs 7050/18000 ( 39.2%) elapsed=06:43 eta=10:26
[progress] runs 7100/18000 ( 39.4%) elapsed=06:46 eta=10:23
[progress] runs 7150/18000 ( 39.7%) elapsed=06:49 eta=10:21
[progress] runs 7200/18000 ( 40.0%) elapsed=06:52 eta=10:18
[progress] runs 7250/18000 ( 40.3%) elapsed=06:55 eta=10:15
[progress] runs 7300/18000 ( 40.6%) elapsed=06:57 eta=10:12
[progress] runs 7350/18000 ( 40.8%) elapsed=07:00 eta=10:09
[progress] runs 7400/18000 ( 41.1%) elapsed=07:03 eta=10:06
[progress] runs 7450/18000 ( 41.4%) elapsed=07:06 eta=10:03
[progress] runs 7500/18000 ( 41.7%) elapsed=07:08 eta=10:00
[progress] runs 7550/18000 ( 41.9%) elapsed=07:11 eta=09:56
[progress] runs 7600/18000 ( 42.2%) elapsed=07:14 eta=09:54
[progress] runs 7650/18000 ( 42.5%) elapsed=07:17 eta=09:51
[progress] runs 7700/18000 ( 42.8%) elapsed=07:20 eta=09:49
[progress] runs 7750/18000 ( 43.1%) elapsed=07:23 eta=09:46
[progress] runs 7800/18000 ( 43.3%) elapsed=07:26 eta=09:44
[progress] runs 7850/18000 ( 43.6%) elapsed=07:29 eta=09:41
[progress] runs 7900/18000 ( 43.9%) elapsed=07:32 eta=09:38
[progress] runs 7950/18000 ( 44.2%) elapsed=07:35 eta=09:35
[progress] runs 8000/18000 ( 44.4%) elapsed=07:37 eta=09:32
[progress] runs 8050/18000 ( 44.7%) elapsed=07:40 eta=09:29
[progress] runs 8100/18000 ( 45.0%) elapsed=07:43 eta=09:26
[progress] runs 8150/18000 ( 45.3%) elapsed=07:46 eta=09:24
[progress] runs 8200/18000 ( 45.6%) elapsed=07:49 eta=09:21
[progress] runs 8250/18000 ( 45.8%) elapsed=07:52 eta=09:18
[progress] runs 8300/18000 ( 46.1%) elapsed=07:55 eta=09:15
[progress] runs 8350/18000 ( 46.4%) elapsed=07:58 eta=09:12
[progress] runs 8400/18000 ( 46.7%) elapsed=08:01 eta=09:09
[progress] runs 8450/18000 ( 46.9%) elapsed=08:04 eta=09:07
[progress] runs 8500/18000 ( 47.2%) elapsed=08:06 eta=09:04
[progress] runs 8550/18000 ( 47.5%) elapsed=08:09 eta=09:01
[progress] runs 8600/18000 ( 47.8%) elapsed=08:12 eta=08:58
[progress] runs 8650/18000 ( 48.1%) elapsed=08:15 eta=08:55
[progress] runs 8700/18000 ( 48.3%) elapsed=08:19 eta=08:53
[progress] runs 8750/18000 ( 48.6%) elapsed=08:22 eta=08:51
[progress] runs 8800/18000 ( 48.9%) elapsed=08:25 eta=08:48
[progress] runs 8850/18000 ( 49.2%) elapsed=08:28 eta=08:45
[progress] runs 8900/18000 ( 49.4%) elapsed=08:30 eta=08:42
[progress] runs 8950/18000 ( 49.7%) elapsed=08:33 eta=08:39
[progress] runs 9000/18000 ( 50.0%) elapsed=08:36 eta=08:36
[progress] runs 9050/18000 ( 50.3%) elapsed=08:40 eta=08:34
[progress] runs 9100/18000 ( 50.6%) elapsed=08:43 eta=08:32
[progress] runs 9150/18000 ( 50.8%) elapsed=08:47 eta=08:30
[progress] runs 9200/18000 ( 51.1%) elapsed=08:51 eta=08:27
[progress] runs 9250/18000 ( 51.4%) elapsed=08:54 eta=08:25
[progress] runs 9300/18000 ( 51.7%) elapsed=08:58 eta=08:23
[progress] runs 9350/18000 ( 51.9%) elapsed=09:02 eta=08:21
[progress] runs 9400/18000 ( 52.2%) elapsed=09:05 eta=08:19
[progress] runs 9450/18000 ( 52.5%) elapsed=09:09 eta=08:17
[progress] runs 9500/18000 ( 52.8%) elapsed=09:12 eta=08:14
[progress] runs 9550/18000 ( 53.1%) elapsed=09:16 eta=08:12
[progress] runs 9600/18000 ( 53.3%) elapsed=09:20 eta=08:10
[progress] runs 9650/18000 ( 53.6%) elapsed=09:24 eta=08:08
[progress] runs 9700/18000 ( 53.9%) elapsed=09:27 eta=08:06
[progress] runs 9750/18000 ( 54.2%) elapsed=09:31 eta=08:04
[progress] runs 9800/18000 ( 54.4%) elapsed=09:35 eta=08:01
[progress] runs 9850/18000 ( 54.7%) elapsed=09:39 eta=07:59
[progress] runs 9900/18000 ( 55.0%) elapsed=09:42 eta=07:57
[progress] runs 9950/18000 ( 55.3%) elapsed=09:46 eta=07:54
[progress] runs 10000/18000 ( 55.6%) elapsed=09:50 eta=07:52
[progress] runs 10050/18000 ( 55.8%) elapsed=09:54 eta=07:50
[progress] runs 10100/18000 ( 56.1%) elapsed=09:58 eta=07:48
[progress] runs 10150/18000 ( 56.4%) elapsed=10:02 eta=07:45
[progress] runs 10200/18000 ( 56.7%) elapsed=10:06 eta=07:43
[progress] runs 10250/18000 ( 56.9%) elapsed=10:10 eta=07:41
[progress] runs 10300/18000 ( 57.2%) elapsed=10:14 eta=07:39
[progress] runs 10350/18000 ( 57.5%) elapsed=10:18 eta=07:37
[progress] runs 10400/18000 ( 57.8%) elapsed=10:22 eta=07:34
[progress] runs 10450/18000 ( 58.1%) elapsed=10:26 eta=07:32
[progress] runs 10500/18000 ( 58.3%) elapsed=10:30 eta=07:30
[progress] runs 10550/18000 ( 58.6%) elapsed=10:34 eta=07:27
[progress] runs 10600/18000 ( 58.9%) elapsed=10:37 eta=07:25
[progress] runs 10650/18000 ( 59.2%) elapsed=10:41 eta=07:23
[progress] runs 10700/18000 ( 59.4%) elapsed=10:45 eta=07:20
[progress] runs 10750/18000 ( 59.7%) elapsed=10:49 eta=07:18
[progress] runs 10800/18000 ( 60.0%) elapsed=10:53 eta=07:15
[progress] runs 10850/18000 ( 60.3%) elapsed=10:56 eta=07:13
[progress] runs 10900/18000 ( 60.6%) elapsed=11:00 eta=07:10
[progress] runs 10950/18000 ( 60.8%) elapsed=11:04 eta=07:07
[progress] runs 11000/18000 ( 61.1%) elapsed=11:07 eta=07:04
[progress] runs 11050/18000 ( 61.4%) elapsed=11:11 eta=07:02
[progress] runs 11100/18000 ( 61.7%) elapsed=11:15 eta=06:59
[progress] runs 11150/18000 ( 61.9%) elapsed=11:19 eta=06:57
[progress] runs 11200/18000 ( 62.2%) elapsed=11:24 eta=06:55
[progress] runs 11250/18000 ( 62.5%) elapsed=11:28 eta=06:53
[progress] runs 11300/18000 ( 62.8%) elapsed=11:32 eta=06:50
[progress] runs 11350/18000 ( 63.1%) elapsed=11:36 eta=06:48
[progress] runs 11400/18000 ( 63.3%) elapsed=11:40 eta=06:45
[progress] runs 11450/18000 ( 63.6%) elapsed=11:44 eta=06:43
[progress] runs 11500/18000 ( 63.9%) elapsed=11:48 eta=06:40
[progress] runs 11550/18000 ( 64.2%) elapsed=11:52 eta=06:37
[progress] runs 11600/18000 ( 64.4%) elapsed=11:55 eta=06:35
[progress] runs 11650/18000 ( 64.7%) elapsed=11:59 eta=06:32
[progress] runs 11700/18000 ( 65.0%) elapsed=12:03 eta=06:29
[progress] runs 11750/18000 ( 65.3%) elapsed=12:07 eta=06:27
[progress] runs 11800/18000 ( 65.6%) elapsed=12:11 eta=06:24
[progress] runs 11850/18000 ( 65.8%) elapsed=12:14 eta=06:21
[progress] runs 11900/18000 ( 66.1%) elapsed=12:18 eta=06:18
[progress] runs 11950/18000 ( 66.4%) elapsed=12:22 eta=06:16
[progress] runs 12000/18000 ( 66.7%) elapsed=12:25 eta=06:13
[progress] runs 12050/18000 ( 66.9%) elapsed=12:28 eta=06:09
[progress] runs 12100/18000 ( 67.2%) elapsed=12:30 eta=06:06
[progress] runs 12150/18000 ( 67.5%) elapsed=12:33 eta=06:03
[progress] runs 12200/18000 ( 67.8%) elapsed=12:36 eta=05:59
[progress] runs 12250/18000 ( 68.1%) elapsed=12:39 eta=05:56
[progress] runs 12300/18000 ( 68.3%) elapsed=12:41 eta=05:53
[progress] runs 12350/18000 ( 68.6%) elapsed=12:44 eta=05:50
[progress] runs 12400/18000 ( 68.9%) elapsed=12:47 eta=05:46
[progress] runs 12450/18000 ( 69.2%) elapsed=12:49 eta=05:43
[progress] runs 12500/18000 ( 69.4%) elapsed=12:51 eta=05:39
[progress] runs 12550/18000 ( 69.7%) elapsed=12:54 eta=05:36
[progress] runs 12600/18000 ( 70.0%) elapsed=12:56 eta=05:33
[progress] runs 12650/18000 ( 70.3%) elapsed=12:59 eta=05:30
[progress] runs 12700/18000 ( 70.6%) elapsed=13:02 eta=05:26
[progress] runs 12750/18000 ( 70.8%) elapsed=13:05 eta=05:23
[progress] runs 12800/18000 ( 71.1%) elapsed=13:07 eta=05:20
[progress] runs 12850/18000 ( 71.4%) elapsed=13:10 eta=05:17
[progress] runs 12900/18000 ( 71.7%) elapsed=13:12 eta=05:13
[progress] runs 12950/18000 ( 71.9%) elapsed=13:15 eta=05:10
[progress] runs 13000/18000 ( 72.2%) elapsed=13:17 eta=05:07
[progress] runs 13050/18000 ( 72.5%) elapsed=13:20 eta=05:03
[progress] runs 13100/18000 ( 72.8%) elapsed=13:23 eta=05:00
[progress] runs 13150/18000 ( 73.1%) elapsed=13:26 eta=04:57
[progress] runs 13200/18000 ( 73.3%) elapsed=13:28 eta=04:54
[progress] runs 13250/18000 ( 73.6%) elapsed=13:31 eta=04:51
[progress] runs 13300/18000 ( 73.9%) elapsed=13:33 eta=04:47
[progress] runs 13350/18000 ( 74.2%) elapsed=13:36 eta=04:44
[progress] runs 13400/18000 ( 74.4%) elapsed=13:39 eta=04:41
[progress] runs 13450/18000 ( 74.7%) elapsed=13:41 eta=04:38
[progress] runs 13500/18000 ( 75.0%) elapsed=13:44 eta=04:35
[progress] runs 13550/18000 ( 75.3%) elapsed=13:47 eta=04:31
[progress] runs 13600/18000 ( 75.6%) elapsed=13:49 eta=04:28
[progress] runs 13650/18000 ( 75.8%) elapsed=13:52 eta=04:25
[progress] runs 13700/18000 ( 76.1%) elapsed=13:55 eta=04:22
[progress] runs 13750/18000 ( 76.4%) elapsed=13:58 eta=04:19
[progress] runs 13800/18000 ( 76.7%) elapsed=14:01 eta=04:16
[progress] runs 13850/18000 ( 76.9%) elapsed=14:03 eta=04:13
[progress] runs 13900/18000 ( 77.2%) elapsed=14:06 eta=04:09
[progress] runs 13950/18000 ( 77.5%) elapsed=14:08 eta=04:06
[progress] runs 14000/18000 ( 77.8%) elapsed=14:11 eta=04:03
[progress] runs 14050/18000 ( 78.1%) elapsed=14:14 eta=04:00
[progress] runs 14100/18000 ( 78.3%) elapsed=14:16 eta=03:57
[progress] runs 14150/18000 ( 78.6%) elapsed=14:19 eta=03:54
[progress] runs 14200/18000 ( 78.9%) elapsed=14:22 eta=03:51
[progress] runs 14250/18000 ( 79.2%) elapsed=14:25 eta=03:48
[progress] runs 14300/18000 ( 79.4%) elapsed=14:27 eta=03:44
[progress] runs 14350/18000 ( 79.7%) elapsed=14:30 eta=03:41
[progress] runs 14400/18000 ( 80.0%) elapsed=14:33 eta=03:38
[progress] runs 14450/18000 ( 80.3%) elapsed=14:36 eta=03:35
[progress] runs 14500/18000 ( 80.6%) elapsed=14:38 eta=03:32
[progress] runs 14550/18000 ( 80.8%) elapsed=14:41 eta=03:29
[progress] runs 14600/18000 ( 81.1%) elapsed=14:44 eta=03:26
[progress] runs 14650/18000 ( 81.4%) elapsed=14:47 eta=03:23
[progress] runs 14700/18000 ( 81.7%) elapsed=14:50 eta=03:20
[progress] runs 14750/18000 ( 81.9%) elapsed=14:53 eta=03:17
[progress] runs 14800/18000 ( 82.2%) elapsed=14:55 eta=03:14
[progress] runs 14850/18000 ( 82.5%) elapsed=14:58 eta=03:10
[progress] runs 14900/18000 ( 82.8%) elapsed=15:01 eta=03:07
[progress] runs 14950/18000 ( 83.1%) elapsed=15:03 eta=03:04
[progress] runs 15000/18000 ( 83.3%) elapsed=15:06 eta=03:01
[progress] runs 15050/18000 ( 83.6%) elapsed=15:08 eta=02:58
[progress] runs 15100/18000 ( 83.9%) elapsed=15:11 eta=02:55
[progress] runs 15150/18000 ( 84.2%) elapsed=15:13 eta=02:52
[progress] runs 15200/18000 ( 84.4%) elapsed=15:16 eta=02:49
[progress] runs 15250/18000 ( 84.7%) elapsed=15:18 eta=02:46
[progress] runs 15300/18000 ( 85.0%) elapsed=15:21 eta=02:42
[progress] runs 15350/18000 ( 85.3%) elapsed=15:23 eta=02:39
[progress] runs 15400/18000 ( 85.6%) elapsed=15:26 eta=02:36
[progress] runs 15450/18000 ( 85.8%) elapsed=15:28 eta=02:33
[progress] runs 15500/18000 ( 86.1%) elapsed=15:31 eta=02:30
[progress] runs 15550/18000 ( 86.4%) elapsed=15:33 eta=02:27
[progress] runs 15600/18000 ( 86.7%) elapsed=15:36 eta=02:24
[progress] runs 15650/18000 ( 86.9%) elapsed=15:38 eta=02:21
[progress] runs 15700/18000 ( 87.2%) elapsed=15:41 eta=02:18
[progress] runs 15750/18000 ( 87.5%) elapsed=15:44 eta=02:15
[progress] runs 15800/18000 ( 87.8%) elapsed=15:47 eta=02:12
[progress] runs 15850/18000 ( 88.1%) elapsed=15:49 eta=02:09
[progress] runs 15900/18000 ( 88.3%) elapsed=15:51 eta=02:06
[progress] runs 15950/18000 ( 88.6%) elapsed=15:54 eta=02:03
[progress] runs 16000/18000 ( 88.9%) elapsed=15:56 eta=02:00
[progress] runs 16050/18000 ( 89.2%) elapsed=15:59 eta=01:57
[progress] runs 16100/18000 ( 89.4%) elapsed=16:02 eta=01:53
[progress] runs 16150/18000 ( 89.7%) elapsed=16:04 eta=01:50
[progress] runs 16200/18000 ( 90.0%) elapsed=16:07 eta=01:47
[progress] runs 16250/18000 ( 90.3%) elapsed=16:10 eta=01:44
[progress] runs 16300/18000 ( 90.6%) elapsed=16:12 eta=01:41
[progress] runs 16350/18000 ( 90.8%) elapsed=16:15 eta=01:38
[progress] runs 16400/18000 ( 91.1%) elapsed=16:17 eta=01:35
[progress] runs 16450/18000 ( 91.4%) elapsed=16:20 eta=01:32
[progress] runs 16500/18000 ( 91.7%) elapsed=16:22 eta=01:29
[progress] runs 16550/18000 ( 91.9%) elapsed=16:25 eta=01:26
[progress] runs 16600/18000 ( 92.2%) elapsed=16:28 eta=01:23
[progress] runs 16650/18000 ( 92.5%) elapsed=16:31 eta=01:20
[progress] runs 16700/18000 ( 92.8%) elapsed=16:33 eta=01:17
[progress] runs 16750/18000 ( 93.1%) elapsed=16:36 eta=01:14
[progress] runs 16800/18000 ( 93.3%) elapsed=16:39 eta=01:11
[progress] runs 16850/18000 ( 93.6%) elapsed=16:41 eta=01:08
[progress] runs 16900/18000 ( 93.9%) elapsed=16:44 eta=01:05
[progress] runs 16950/18000 ( 94.2%) elapsed=16:46 eta=01:02
[progress] runs 17000/18000 ( 94.4%) elapsed=16:49 eta=00:59
[progress] runs 17050/18000 ( 94.7%) elapsed=16:52 eta=00:56
[progress] runs 17100/18000 ( 95.0%) elapsed=16:54 eta=00:53
[progress] runs 17150/18000 ( 95.3%) elapsed=16:57 eta=00:50
[progress] runs 17200/18000 ( 95.6%) elapsed=17:00 eta=00:47
[progress] runs 17250/18000 ( 95.8%) elapsed=17:02 eta=00:44
[progress] runs 17300/18000 ( 96.1%) elapsed=17:05 eta=00:41
[progress] runs 17350/18000 ( 96.4%) elapsed=17:08 eta=00:39
[progress] runs 17400/18000 ( 96.7%) elapsed=17:11 eta=00:36
[progress] runs 17450/18000 ( 96.9%) elapsed=17:13 eta=00:33
[progress] runs 17500/18000 ( 97.2%) elapsed=17:16 eta=00:30
[progress] runs 17550/18000 ( 97.5%) elapsed=17:18 eta=00:27
[progress] runs 17600/18000 ( 97.8%) elapsed=17:21 eta=00:24
[progress] runs 17650/18000 ( 98.1%) elapsed=17:24 eta=00:21
[progress] runs 17700/18000 ( 98.3%) elapsed=17:27 eta=00:18
[progress] runs 17750/18000 ( 98.6%) elapsed=17:30 eta=00:15
[progress] runs 17800/18000 ( 98.9%) elapsed=17:33 eta=00:12
[progress] runs 17850/18000 ( 99.2%) elapsed=17:35 eta=00:09
[progress] runs 17900/18000 ( 99.4%) elapsed=17:38 eta=00:06
[progress] runs 17950/18000 ( 99.7%) elapsed=17:40 eta=00:03
[progress] runs 18000/18000 (100.0%) elapsed=17:43 eta=00:00
[progress] Building main summary (with bootstrap CIs)...
[progress] Building strategy-by-role summary...
[progress] Running pairwise significance tests...
[progress] Complete in 18:49
Wrote 18000 runs to /Users/manangup/Desktop/Manan/UCSB/Winter26/GameTheory/Project/Project/results/presentation/run_full_presentable/main/main_runs.csv
Wrote summary to /Users/manangup/Desktop/Manan/UCSB/Winter26/GameTheory/Project/Project/results/presentation/run_full_presentable/main/main_summary.csv (450 rows)
Wrote strategy summary to /Users/manangup/Desktop/Manan/UCSB/Winter26/GameTheory/Project/Project/results/presentation/run_full_presentable/main/main_strategy_summary.csv
Wrote pairwise tests to /Users/manangup/Desktop/Manan/UCSB/Winter26/GameTheory/Project/Project/results/presentation/run_full_presentable/main/main_pairwise_tests.csv
