[progress] Starting multilateral simulations: total_runs=15000
[progress] runs 50/15000 (  0.3%) elapsed=00:01 eta=05:42
[progress] runs 100/15000 (  0.7%) elapsed=00:02 eta=05:34
[progress] runs 150/15000 (  1.0%) elapsed=00:03 eta=05:28
[progress] runs 200/15000 (  1.3%) elapsed=00:04 eta=05:25
[progress] runs 250/15000 (  1.7%) elapsed=00:05 eta=05:21
[progress] runs 300/15000 (  2.0%) elapsed=00:06 eta=05:18
[progress] runs 350/15000 (  2.3%) elapsed=00:08 eta=05:19
[progress] runs 400/15000 (  2.7%) elapsed=00:09 eta=05:19
[progress] runs 450/15000 (  3.0%) elapsed=00:10 eta=05:17
[progress] runs 500/15000 (  3.3%) elapsed=00:11 eta=05:15
[progress] runs 550/15000 (  3.7%) elapsed=00:12 eta=05:14
[progress] runs 600/15000 (  4.0%) elapsed=00:13 eta=05:14
[progress] runs 650/15000 (  4.3%) elapsed=00:14 eta=05:12
[progress] runs 700/15000 (  4.7%) elapsed=00:15 eta=05:10
[progress] runs 750/15000 (  5.0%) elapsed=00:16 eta=05:07
[progress] runs 800/15000 (  5.3%) elapsed=00:17 eta=05:06
[progress] runs 850/15000 (  5.7%) elapsed=00:18 eta=05:05
[progress] runs 900/15000 (  6.0%) elapsed=00:19 eta=05:05
[progress] runs 950/15000 (  6.3%) elapsed=00:21 eta=05:05
[progress] runs 1000/15000 (  6.7%) elapsed=00:22 eta=05:04
[progress] runs 1050/15000 (  7.0%) elapsed=00:23 eta=05:02
[progress] runs 1100/15000 (  7.3%) elapsed=00:24 eta=05:02
[progress] runs 1150/15000 (  7.7%) elapsed=00:25 eta=05:00
[progress] runs 1200/15000 (  8.0%) elapsed=00:26 eta=04:58
[progress] runs 1250/15000 (  8.3%) elapsed=00:27 eta=04:55
[progress] runs 1300/15000 (  8.7%) elapsed=00:28 eta=04:52
[progress] runs 1350/15000 (  9.0%) elapsed=00:29 eta=04:51
[progress] runs 1400/15000 (  9.3%) elapsed=00:30 eta=04:50
[progress] runs 1450/15000 (  9.7%) elapsed=00:31 eta=04:48
[progress] runs 1500/15000 ( 10.0%) elapsed=00:32 eta=04:47
[progress] runs 1550/15000 ( 10.3%) elapsed=00:33 eta=04:46
[progress] runs 1600/15000 ( 10.7%) elapsed=00:34 eta=04:46
[progress] runs 1650/15000 ( 11.0%) elapsed=00:35 eta=04:45
[progress] runs 1700/15000 ( 11.3%) elapsed=00:36 eta=04:45
[progress] runs 1750/15000 ( 11.7%) elapsed=00:37 eta=04:44
[progress] runs 1800/15000 ( 12.0%) elapsed=00:39 eta=04:43
[progress] runs 1850/15000 ( 12.3%) elapsed=00:40 eta=04:42
[progress] runs 1900/15000 ( 12.7%) elapsed=00:41 eta=04:42
[progress] runs 1950/15000 ( 13.0%) elapsed=00:42 eta=04:41
[progress] runs 2000/15000 ( 13.3%) elapsed=00:43 eta=04:40
[progress] runs 2050/15000 ( 13.7%) elapsed=00:44 eta=04:39
[progress] runs 2100/15000 ( 14.0%) elapsed=00:45 eta=04:38
[progress] runs 2150/15000 ( 14.3%) elapsed=00:46 eta=04:36
[progress] runs 2200/15000 ( 14.7%) elapsed=00:47 eta=04:35
[progress] runs 2250/15000 ( 15.0%) elapsed=00:48 eta=04:34
[progress] runs 2300/15000 ( 15.3%) elapsed=00:49 eta=04:33
[progress] runs 2350/15000 ( 15.7%) elapsed=00:50 eta=04:32
[progress] runs 2400/15000 ( 16.0%) elapsed=00:52 eta=04:31
[progress] runs 2450/15000 ( 16.3%) elapsed=00:53 eta=04:29
[progress] runs 2500/15000 ( 16.7%) elapsed=00:54 eta=04:28
[progress] runs 2550/15000 ( 17.0%) elapsed=00:55 eta=04:28
[progress] runs 2600/15000 ( 17.3%) elapsed=00:56 eta=04:27
[progress] runs 2650/15000 ( 17.7%) elapsed=00:57 eta=04:27
[progress] runs 2700/15000 ( 18.0%) elapsed=00:59 eta=04:27
[progress] runs 2750/15000 ( 18.3%) elapsed=01:00 eta=04:26
[progress] runs 2800/15000 ( 18.7%) elapsed=01:01 eta=04:26
[progress] runs 2850/15000 ( 19.0%) elapsed=01:02 eta=04:26
[progress] runs 2900/15000 ( 19.3%) elapsed=01:04 eta=04:26
[progress] runs 2950/15000 ( 19.7%) elapsed=01:05 eta=04:26
[progress] runs 3000/15000 ( 20.0%) elapsed=01:06 eta=04:25
[progress] runs 3050/15000 ( 20.3%) elapsed=01:08 eta=04:25
[progress] runs 3100/15000 ( 20.7%) elapsed=01:09 eta=04:25
[progress] runs 3150/15000 ( 21.0%) elapsed=01:10 eta=04:25
[progress] runs 3200/15000 ( 21.3%) elapsed=01:12 eta=04:25
[progress] runs 3250/15000 ( 21.7%) elapsed=01:13 eta=04:24
[progress] runs 3300/15000 ( 22.0%) elapsed=01:14 eta=04:23
[progress] runs 3350/15000 ( 22.3%) elapsed=01:15 eta=04:22
[progress] runs 3400/15000 ( 22.7%) elapsed=01:17 eta=04:21
[progress] runs 3450/15000 ( 23.0%) elapsed=01:18 eta=04:20
[progress] runs 3500/15000 ( 23.3%) elapsed=01:19 eta=04:19
[progress] runs 3550/15000 ( 23.7%) elapsed=01:20 eta=04:18
[progress] runs 3600/15000 ( 24.0%) elapsed=01:21 eta=04:17
[progress] runs 3650/15000 ( 24.3%) elapsed=01:22 eta=04:16
[progress] runs 3700/15000 ( 24.7%) elapsed=01:23 eta=04:15
[progress] runs 3750/15000 ( 25.0%) elapsed=01:24 eta=04:13
[progress] runs 3800/15000 ( 25.3%) elapsed=01:26 eta=04:13
[progress] runs 3850/15000 ( 25.7%) elapsed=01:27 eta=04:12
[progress] runs 3900/15000 ( 26.0%) elapsed=01:28 eta=04:11
[progress] runs 3950/15000 ( 26.3%) elapsed=01:30 eta=04:10
[progress] runs 4000/15000 ( 26.7%) elapsed=01:31 eta=04:09
[progress] runs 4050/15000 ( 27.0%) elapsed=01:32 eta=04:09
[progress] runs 4100/15000 ( 27.3%) elapsed=01:33 eta=04:08
[progress] runs 4150/15000 ( 27.7%) elapsed=01:35 eta=04:08
[progress] runs 4200/15000 ( 28.0%) elapsed=01:36 eta=04:08
[progress] runs 4250/15000 ( 28.3%) elapsed=01:38 eta=04:08
[progress] runs 4300/15000 ( 28.7%) elapsed=01:40 eta=04:08
[progress] runs 4350/15000 ( 29.0%) elapsed=01:41 eta=04:07
[progress] runs 4400/15000 ( 29.3%) elapsed=01:42 eta=04:06
[progress] runs 4450/15000 ( 29.7%) elapsed=01:43 eta=04:05
[progress] runs 4500/15000 ( 30.0%) elapsed=01:45 eta=04:04
[progress] runs 4550/15000 ( 30.3%) elapsed=01:46 eta=04:03
[progress] runs 4600/15000 ( 30.7%) elapsed=01:47 eta=04:02
[progress] runs 4650/15000 ( 31.0%) elapsed=01:48 eta=04:00
[progress] runs 4700/15000 ( 31.3%) elapsed=01:49 eta=03:59
[progress] runs 4750/15000 ( 31.7%) elapsed=01:50 eta=03:58
[progress] runs 4800/15000 ( 32.0%) elapsed=01:51 eta=03:57
[progress] runs 4850/15000 ( 32.3%) elapsed=01:53 eta=03:56
[progress] runs 4900/15000 ( 32.7%) elapsed=01:54 eta=03:55
[progress] runs 4950/15000 ( 33.0%) elapsed=01:55 eta=03:53
[progress] runs 5000/15000 ( 33.3%) elapsed=01:56 eta=03:52
[progress] runs 5050/15000 ( 33.7%) elapsed=01:57 eta=03:51
[progress] runs 5100/15000 ( 34.0%) elapsed=01:58 eta=03:50
[progress] runs 5150/15000 ( 34.3%) elapsed=01:59 eta=03:48
[progress] runs 5200/15000 ( 34.7%) elapsed=02:01 eta=03:47
[progress] runs 5250/15000 ( 35.0%) elapsed=02:01 eta=03:46
[progress] runs 5300/15000 ( 35.3%) elapsed=02:02 eta=03:44
[progress] runs 5350/15000 ( 35.7%) elapsed=02:03 eta=03:43
[progress] runs 5400/15000 ( 36.0%) elapsed=02:04 eta=03:41
[progress] runs 5450/15000 ( 36.3%) elapsed=02:05 eta=03:40
[progress] runs 5500/15000 ( 36.7%) elapsed=02:06 eta=03:38
[progress] runs 5550/15000 ( 37.0%) elapsed=02:07 eta=03:37
[progress] runs 5600/15000 ( 37.3%) elapsed=02:08 eta=03:36
[progress] runs 5650/15000 ( 37.7%) elapsed=02:09 eta=03:34
[progress] runs 5700/15000 ( 38.0%) elapsed=02:10 eta=03:33
[progress] runs 5750/15000 ( 38.3%) elapsed=02:11 eta=03:31
[progress] runs 5800/15000 ( 38.7%) elapsed=02:12 eta=03:29
[progress] runs 5850/15000 ( 39.0%) elapsed=02:13 eta=03:28
[progress] runs 5900/15000 ( 39.3%) elapsed=02:14 eta=03:27
[progress] runs 5950/15000 ( 39.7%) elapsed=02:15 eta=03:25
[progress] runs 6000/15000 ( 40.0%) elapsed=02:16 eta=03:24
[progress] runs 6050/15000 ( 40.3%) elapsed=02:17 eta=03:23
[progress] runs 6100/15000 ( 40.7%) elapsed=02:18 eta=03:21
[progress] runs 6150/15000 ( 41.0%) elapsed=02:19 eta=03:20
[progress] runs 6200/15000 ( 41.3%) elapsed=02:20 eta=03:19
[progress] runs 6250/15000 ( 41.7%) elapsed=02:21 eta=03:17
[progress] runs 6300/15000 ( 42.0%) elapsed=02:22 eta=03:16
[progress] runs 6350/15000 ( 42.3%) elapsed=02:23 eta=03:15
[progress] runs 6400/15000 ( 42.7%) elapsed=02:24 eta=03:14
[progress] runs 6450/15000 ( 43.0%) elapsed=02:25 eta=03:13
[progress] runs 6500/15000 ( 43.3%) elapsed=02:26 eta=03:11
[progress] runs 6550/15000 ( 43.7%) elapsed=02:27 eta=03:10
[progress] runs 6600/15000 ( 44.0%) elapsed=02:28 eta=03:09
[progress] runs 6650/15000 ( 44.3%) elapsed=02:29 eta=03:08
[progress] runs 6700/15000 ( 44.7%) elapsed=02:31 eta=03:07
[progress] runs 6750/15000 ( 45.0%) elapsed=02:32 eta=03:05
[progress] runs 6800/15000 ( 45.3%) elapsed=02:33 eta=03:04
[progress] runs 6850/15000 ( 45.7%) elapsed=02:34 eta=03:03
[progress] runs 6900/15000 ( 46.0%) elapsed=02:35 eta=03:02
[progress] runs 6950/15000 ( 46.3%) elapsed=02:36 eta=03:01
[progress] runs 7000/15000 ( 46.7%) elapsed=02:37 eta=02:59
[progress] runs 7050/15000 ( 47.0%) elapsed=02:38 eta=02:58
[progress] runs 7100/15000 ( 47.3%) elapsed=02:39 eta=02:57
[progress] runs 7150/15000 ( 47.7%) elapsed=02:40 eta=02:56
[progress] runs 7200/15000 ( 48.0%) elapsed=02:41 eta=02:55
[progress] runs 7250/15000 ( 48.3%) elapsed=02:42 eta=02:53
[progress] runs 7300/15000 ( 48.7%) elapsed=02:43 eta=02:52
[progress] runs 7350/15000 ( 49.0%) elapsed=02:44 eta=02:51
[progress] runs 7400/15000 ( 49.3%) elapsed=02:45 eta=02:49
[progress] runs 7450/15000 ( 49.7%) elapsed=02:46 eta=02:48
[progress] runs 7500/15000 ( 50.0%) elapsed=02:47 eta=02:47
[progress] runs 7550/15000 ( 50.3%) elapsed=02:48 eta=02:46
[progress] runs 7600/15000 ( 50.7%) elapsed=02:50 eta=02:45
[progress] runs 7650/15000 ( 51.0%) elapsed=02:51 eta=02:44
[progress] runs 7700/15000 ( 51.3%) elapsed=02:52 eta=02:43
[progress] runs 7750/15000 ( 51.7%) elapsed=02:53 eta=02:42
[progress] runs 7800/15000 ( 52.0%) elapsed=02:54 eta=02:41
[progress] runs 7850/15000 ( 52.3%) elapsed=02:55 eta=02:40
[progress] runs 7900/15000 ( 52.7%) elapsed=02:57 eta=02:39
[progress] runs 7950/15000 ( 53.0%) elapsed=02:58 eta=02:38
[progress] runs 8000/15000 ( 53.3%) elapsed=02:59 eta=02:37
[progress] runs 8050/15000 ( 53.7%) elapsed=03:00 eta=02:36
[progress] runs 8100/15000 ( 54.0%) elapsed=03:01 eta=02:34
[progress] runs 8150/15000 ( 54.3%) elapsed=03:02 eta=02:33
[progress] runs 8200/15000 ( 54.7%) elapsed=03:04 eta=02:32
[progress] runs 8250/15000 ( 55.0%) elapsed=03:05 eta=02:31
[progress] runs 8300/15000 ( 55.3%) elapsed=03:06 eta=02:30
[progress] runs 8350/15000 ( 55.7%) elapsed=03:07 eta=02:29
[progress] runs 8400/15000 ( 56.0%) elapsed=03:08 eta=02:28
[progress] runs 8450/15000 ( 56.3%) elapsed=03:09 eta=02:27
[progress] runs 8500/15000 ( 56.7%) elapsed=03:10 eta=02:25
[progress] runs 8550/15000 ( 57.0%) elapsed=03:11 eta=02:24
[progress] runs 8600/15000 ( 57.3%) elapsed=03:13 eta=02:23
[progress] runs 8650/15000 ( 57.7%) elapsed=03:14 eta=02:22
[progress] runs 8700/15000 ( 58.0%) elapsed=03:15 eta=02:21
[progress] runs 8750/15000 ( 58.3%) elapsed=03:16 eta=02:20
[progress] runs 8800/15000 ( 58.7%) elapsed=03:17 eta=02:19
[progress] runs 8850/15000 ( 59.0%) elapsed=03:19 eta=02:18
[progress] runs 8900/15000 ( 59.3%) elapsed=03:20 eta=02:17
[progress] runs 8950/15000 ( 59.7%) elapsed=03:22 eta=02:16
[progress] runs 9000/15000 ( 60.0%) elapsed=03:23 eta=02:15
[progress] runs 9050/15000 ( 60.3%) elapsed=03:24 eta=02:14
[progress] runs 9100/15000 ( 60.7%) elapsed=03:25 eta=02:13
[progress] runs 9150/15000 ( 61.0%) elapsed=03:27 eta=02:12
[progress] runs 9200/15000 ( 61.3%) elapsed=03:28 eta=02:11
[progress] runs 9250/15000 ( 61.7%) elapsed=03:29 eta=02:10
[progress] runs 9300/15000 ( 62.0%) elapsed=03:30 eta=02:09
[progress] runs 9350/15000 ( 62.3%) elapsed=03:31 eta=02:08
[progress] runs 9400/15000 ( 62.7%) elapsed=03:32 eta=02:06
[progress] runs 9450/15000 ( 63.0%) elapsed=03:33 eta=02:05
[progress] runs 9500/15000 ( 63.3%) elapsed=03:34 eta=02:04
[progress] runs 9550/15000 ( 63.7%) elapsed=03:36 eta=02:03
[progress] runs 9600/15000 ( 64.0%) elapsed=03:37 eta=02:02
[progress] runs 9650/15000 ( 64.3%) elapsed=03:38 eta=02:01
[progress] runs 9700/15000 ( 64.7%) elapsed=03:39 eta=02:00
[progress] runs 9750/15000 ( 65.0%) elapsed=03:40 eta=01:58
[progress] runs 9800/15000 ( 65.3%) elapsed=03:41 eta=01:57
[progress] runs 9850/15000 ( 65.7%) elapsed=03:42 eta=01:56
[progress] runs 9900/15000 ( 66.0%) elapsed=03:43 eta=01:55
[progress] runs 9950/15000 ( 66.3%) elapsed=03:44 eta=01:54
[progress] runs 10000/15000 ( 66.7%) elapsed=03:45 eta=01:53
[progress] runs 10050/15000 ( 67.0%) elapsed=03:47 eta=01:52
[progress] runs 10100/15000 ( 67.3%) elapsed=03:48 eta=01:51
[progress] runs 10150/15000 ( 67.7%) elapsed=03:50 eta=01:50
[progress] runs 10200/15000 ( 68.0%) elapsed=03:51 eta=01:49
[progress] runs 10250/15000 ( 68.3%) elapsed=03:52 eta=01:48
[progress] runs 10300/15000 ( 68.7%) elapsed=03:54 eta=01:47
[progress] runs 10350/15000 ( 69.0%) elapsed=03:55 eta=01:46
[progress] runs 10400/15000 ( 69.3%) elapsed=03:56 eta=01:45
[progress] runs 10450/15000 ( 69.7%) elapsed=03:58 eta=01:43
[progress] runs 10500/15000 ( 70.0%) elapsed=03:59 eta=01:42
[progress] runs 10550/15000 ( 70.3%) elapsed=04:01 eta=01:42
[progress] runs 10600/15000 ( 70.7%) elapsed=04:02 eta=01:41
[progress] runs 10650/15000 ( 71.0%) elapsed=04:04 eta=01:40
[progress] runs 10700/15000 ( 71.3%) elapsed=04:05 eta=01:39
[progress] runs 10750/15000 ( 71.7%) elapsed=04:07 eta=01:37
[progress] runs 10800/15000 ( 72.0%) elapsed=04:08 eta=01:36
[progress] runs 10850/15000 ( 72.3%) elapsed=04:09 eta=01:35
[progress] runs 10900/15000 ( 72.7%) elapsed=04:11 eta=01:34
[progress] runs 10950/15000 ( 73.0%) elapsed=04:13 eta=01:33
[progress] runs 11000/15000 ( 73.3%) elapsed=04:14 eta=01:32
[progress] runs 11050/15000 ( 73.7%) elapsed=04:15 eta=01:31
[progress] runs 11100/15000 ( 74.0%) elapsed=04:17 eta=01:30
[progress] runs 11150/15000 ( 74.3%) elapsed=04:18 eta=01:29
[progress] runs 11200/15000 ( 74.7%) elapsed=04:19 eta=01:28
[progress] runs 11250/15000 ( 75.0%) elapsed=04:20 eta=01:27
[progress] runs 11300/15000 ( 75.3%) elapsed=04:21 eta=01:26
[progress] runs 11350/15000 ( 75.7%) elapsed=04:22 eta=01:24
[progress] runs 11400/15000 ( 76.0%) elapsed=04:24 eta=01:23
[progress] runs 11450/15000 ( 76.3%) elapsed=04:25 eta=01:22
[progress] runs 11500/15000 ( 76.7%) elapsed=04:26 eta=01:21
[progress] runs 11550/15000 ( 77.0%) elapsed=04:27 eta=01:20
[progress] runs 11600/15000 ( 77.3%) elapsed=04:29 eta=01:19
[progress] runs 11650/15000 ( 77.7%) elapsed=04:30 eta=01:18
[progress] runs 11700/15000 ( 78.0%) elapsed=04:31 eta=01:17
[progress] runs 11750/15000 ( 78.3%) elapsed=04:33 eta=01:15
[progress] runs 11800/15000 ( 78.7%) elapsed=04:34 eta=01:14
[progress] runs 11850/15000 ( 79.0%) elapsed=04:35 eta=01:13
[progress] runs 11900/15000 ( 79.3%) elapsed=04:37 eta=01:12
[progress] runs 11950/15000 ( 79.7%) elapsed=04:38 eta=01:11
[progress] runs 12000/15000 ( 80.0%) elapsed=04:39 eta=01:10
[progress] runs 12050/15000 ( 80.3%) elapsed=04:41 eta=01:09
[progress] runs 12100/15000 ( 80.7%) elapsed=04:42 eta=01:08
[progress] runs 12150/15000 ( 81.0%) elapsed=04:43 eta=01:06
[progress] runs 12200/15000 ( 81.3%) elapsed=04:44 eta=01:05
[progress] runs 12250/15000 ( 81.7%) elapsed=04:46 eta=01:04
[progress] runs 12300/15000 ( 82.0%) elapsed=04:47 eta=01:03
[progress] runs 12350/15000 ( 82.3%) elapsed=04:48 eta=01:02
[progress] runs 12400/15000 ( 82.7%) elapsed=04:49 eta=01:01
[progress] runs 12450/15000 ( 83.0%) elapsed=04:51 eta=01:00
[progress] runs 12500/15000 ( 83.3%) elapsed=04:52 eta=00:58
[progress] runs 12550/15000 ( 83.7%) elapsed=04:53 eta=00:57
[progress] runs 12600/15000 ( 84.0%) elapsed=04:54 eta=00:56
[progress] runs 12650/15000 ( 84.3%) elapsed=04:56 eta=00:55
[progress] runs 12700/15000 ( 84.7%) elapsed=04:57 eta=00:54
[progress] runs 12750/15000 ( 85.0%) elapsed=04:59 eta=00:53
[progress] runs 12800/15000 ( 85.3%) elapsed=05:00 eta=00:52
[progress] runs 12850/15000 ( 85.7%) elapsed=05:02 eta=00:50
[progress] runs 12900/15000 ( 86.0%) elapsed=05:03 eta=00:49
[progress] runs 12950/15000 ( 86.3%) elapsed=05:04 eta=00:48
[progress] runs 13000/15000 ( 86.7%) elapsed=05:06 eta=00:47
[progress] runs 13050/15000 ( 87.0%) elapsed=05:07 eta=00:46
[progress] runs 13100/15000 ( 87.3%) elapsed=05:08 eta=00:45
[progress] runs 13150/15000 ( 87.7%) elapsed=05:10 eta=00:44
[progress] runs 13200/15000 ( 88.0%) elapsed=05:11 eta=00:42
[progress] runs 13250/15000 ( 88.3%) elapsed=05:12 eta=00:41
[progress] runs 13300/15000 ( 88.7%) elapsed=05:14 eta=00:40
[progress] runs 13350/15000 ( 89.0%) elapsed=05:15 eta=00:39
[progress] runs 13400/15000 ( 89.3%) elapsed=05:17 eta=00:38
[progress] runs 13450/15000 ( 89.7%) elapsed=05:18 eta=00:37
[progress] runs 13500/15000 ( 90.0%) elapsed=05:19 eta=00:35
[progress] runs 13550/15000 ( 90.3%) elapsed=05:21 eta=00:34
[progress] runs 13600/15000 ( 90.7%) elapsed=05:22 eta=00:33
[progress] runs 13650/15000 ( 91.0%) elapsed=05:23 eta=00:32
[progress] runs 13700/15000 ( 91.3%) elapsed=05:25 eta=00:31
[progress] runs 13750/15000 ( 91.7%) elapsed=05:26 eta=00:30
[progress] runs 13800/15000 ( 92.0%) elapsed=05:27 eta=00:28
[progress] runs 13850/15000 ( 92.3%) elapsed=05:28 eta=00:27
[progress] runs 13900/15000 ( 92.7%) elapsed=05:30 eta=00:26
[progress] runs 13950/15000 ( 93.0%) elapsed=05:31 eta=00:25
[progress] runs 14000/15000 ( 93.3%) elapsed=05:32 eta=00:24
[progress] runs 14050/15000 ( 93.7%) elapsed=05:34 eta=00:23
[progress] runs 14100/15000 ( 94.0%) elapsed=05:35 eta=00:21
[progress] runs 14150/15000 ( 94.3%) elapsed=05:37 eta=00:20
[progress] runs 14200/15000 ( 94.7%) elapsed=05:38 eta=00:19
[progress] runs 14250/15000 ( 95.0%) elapsed=05:39 eta=00:18
[progress] runs 14300/15000 ( 95.3%) elapsed=05:41 eta=00:17
[progress] runs 14350/15000 ( 95.7%) elapsed=05:42 eta=00:16
[progress] runs 14400/15000 ( 96.0%) elapsed=05:44 eta=00:14
[progress] runs 14450/15000 ( 96.3%) elapsed=05:45 eta=00:13
[progress] runs 14500/15000 ( 96.7%) elapsed=05:46 eta=00:12
[progress] runs 14550/15000 ( 97.0%) elapsed=05:48 eta=00:11
[progress] runs 14600/15000 ( 97.3%) elapsed=05:49 eta=00:10
[progress] runs 14650/15000 ( 97.7%) elapsed=05:50 eta=00:08
[progress] runs 14700/15000 ( 98.0%) elapsed=05:52 eta=00:07
[progress] runs 14750/15000 ( 98.3%) elapsed=05:53 eta=00:06
[progress] runs 14800/15000 ( 98.7%) elapsed=05:54 eta=00:05
[progress] runs 14850/15000 ( 99.0%) elapsed=05:56 eta=00:04
[progress] runs 14900/15000 ( 99.3%) elapsed=05:57 eta=00:02
[progress] runs 14950/15000 ( 99.7%) elapsed=05:58 eta=00:01
[progress] runs 15000/15000 (100.0%) elapsed=06:00 eta=00:00
[progress] Building multilateral summary...
[progress] Complete in 06:01
Wrote 15000 runs to /Users/manangup/Desktop/Manan/UCSB/Winter26/GameTheory/Project/Project/results/presentation/run_full_presentable/multilateral/multi_runs.csv
Wrote summary to /Users/manangup/Desktop/Manan/UCSB/Winter26/GameTheory/Project/Project/results/presentation/run_full_presentable/multilateral/multi_summary.csv (750 rows)
