Wrote 304 figure(s) to /Users/manangup/Desktop/Manan/UCSB/Winter26/GameTheory/Project/Project/results/presentation/run_full_presentable/figures/stats
/Users/manangup/Desktop/Manan/UCSB/Winter26/GameTheory/Project/Project/results/presentation/run_full_presentable/figures/stats/strategy_bootstrap_agreement_buyer.png
/Users/manangup/Desktop/Manan/UCSB/Winter26/GameTheory/Project/Project/results/presentation/run_full_presentable/figures/stats/strategy_bootstrap_agreement_seller.png
/Users/manangup/Desktop/Manan/UCSB/Winter26/GameTheory/Project/Project/results/presentation/run_full_presentable/figures/stats/strategy_bootstrap_own_utility_buyer.png
/Users/manangup/Desktop/Manan/UCSB/Winter26/GameTheory/Project/Project/results/presentation/run_full_presentable/figures/stats/strategy_bootstrap_own_utility_seller.png
/Users/manangup/Desktop/Manan/UCSB/Winter26/GameTheory/Project/Project/results/presentation/run_full_presentable/figures/stats/strategy_bootstrap_welfare_buyer.png
/Users/manangup/Desktop/Manan/UCSB/Winter26/GameTheory/Project/Project/results/presentation/run_full_presentable/figures/stats/strategy_bootstrap_welfare_seller.png
/Users/manangup/Desktop/Manan/UCSB/Winter26/GameTheory/Project/Project/results/presentation/run_full_presentable/figures/stats/strategy_bootstrap_nash_distance_buyer.png
/Users/manangup/Desktop/Manan/UCSB/Winter26/GameTheory/Project/Project/results/presentation/run_full_presentable/figures/stats/strategy_bootstrap_nash_distance_seller.png
/Users/manangup/Desktop/Manan/UCSB/Winter26/GameTheory/Project/Project/results/presentation/run_full_presentable/figures/stats/strategy_bootstrap_kalai_distance_buyer.png
/Users/manangup/Desktop/Manan/UCSB/Winter26/GameTheory/Project/Project/results/presentation/run_full_presentable/figures/stats/strategy_bootstrap_kalai_distance_seller.png
/Users/manangup/Desktop/Manan/UCSB/Winter26/GameTheory/Project/Project/results/presentation/run_full_presentable/figures/stats/strategy_bootstrap_ks_distance_buyer.png
/Users/manangup/Desktop/Manan/UCSB/Winter26/GameTheory/Project/Project/results/presentation/run_full_presentable/figures/stats/strategy_bootstrap_ks_distance_seller.png
/Users/manangup/Desktop/Manan/UCSB/Winter26/GameTheory/Project/Project/results/presentation/run_full_presentable/figures/stats/strategy_bootstrap_money_left_on_table_buyer.png
/Users/manangup/Desktop/Manan/UCSB/Winter26/GameTheory/Project/Project/results/presentation/run_full_presentable/figures/stats/strategy_bootstrap_money_left_on_table_seller.png
/Users/manangup/Desktop/Manan/UCSB/Winter26/GameTheory/Project/Project/results/presentation/run_full_presentable/figures/stats/strategy_bootstrap_welfare_regret_buyer.png
/Users/manangup/Desktop/Manan/UCSB/Winter26/GameTheory/Project/Project/results/presentation/run_full_presentable/figures/stats/strategy_bootstrap_welfare_regret_seller.png
/Users/manangup/Desktop/Manan/UCSB/Winter26/GameTheory/Project/Project/results/presentation/run_full_presentable/figures/stats/pairwise_effect_agreement_profile-A_steps-12_role-buyer.png
/Users/manangup/Desktop/Manan/UCSB/Winter26/GameTheory/Project/Project/results/presentation/run_full_presentable/figures/stats/pairwise_effect_own_utility_profile-A_steps-12_role-buyer.png
/Users/manangup/Desktop/Manan/UCSB/Winter26/GameTheory/Project/Project/results/presentation/run_full_presentable/figures/stats/pairwise_effect_welfare_profile-A_steps-12_role-buyer.png
/Users/manangup/Desktop/Manan/UCSB/Winter26/GameTheory/Project/Project/results/presentation/run_full_presentable/figures/stats/pairwise_effect_nash_distance_profile-A_steps-12_role-buyer.png
/Users/manangup/Desktop/Manan/UCSB/Winter26/GameTheory/Project/Project/results/presentation/run_full_presentable/figures/stats/pairwise_effect_kalai_distance_profile-A_steps-12_role-buyer.png
/Users/manangup/Desktop/Manan/UCSB/Winter26/GameTheory/Project/Project/results/presentation/run_full_presentable/figures/stats/pairwise_effect_ks_distance_profile-A_steps-12_role-buyer.png
/Users/manangup/Desktop/Manan/UCSB/Winter26/GameTheory/Project/Project/results/presentation/run_full_presentable/figures/stats/pairwise_effect_money_left_on_table_profile-A_steps-12_role-buyer.png
/Users/manangup/Desktop/Manan/UCSB/Winter26/GameTheory/Project/Project/results/presentation/run_full_presentable/figures/stats/pairwise_effect_welfare_regret_profile-A_steps-12_role-buyer.png
/Users/manangup/Desktop/Manan/UCSB/Winter26/GameTheory/Project/Project/results/presentation/run_full_presentable/figures/stats/pairwise_effect_agreement_profile-A_steps-12_role-seller.png
/Users/manangup/Desktop/Manan/UCSB/Winter26/GameTheory/Project/Project/results/presentation/run_full_presentable/figures/stats/pairwise_effect_own_utility_profile-A_steps-12_role-seller.png
/Users/manangup/Desktop/Manan/UCSB/Winter26/GameTheory/Project/Project/results/presentation/run_full_presentable/figures/stats/pairwise_effect_welfare_profile-A_steps-12_role-seller.png
/Users/manangup/Desktop/Manan/UCSB/Winter26/GameTheory/Project/Project/results/presentation/run_full_presentable/figures/stats/pairwise_effect_nash_distance_profile-A_steps-12_role-seller.png
/Users/manangup/Desktop/Manan/UCSB/Winter26/GameTheory/Project/Project/results/presentation/run_full_presentable/figures/stats/pairwise_effect_kalai_distance_profile-A_steps-12_role-seller.png
/Users/manangup/Desktop/Manan/UCSB/Winter26/GameTheory/Project/Project/results/presentation/run_full_presentable/figures/stats/pairwise_effect_ks_distance_profile-A_steps-12_role-seller.png
/Users/manangup/Desktop/Manan/UCSB/Winter26/GameTheory/Project/Project/results/presentation/run_full_presentable/figures/stats/pairwise_effect_money_left_on_table_profile-A_steps-12_role-seller.png
/Users/manangup/Desktop/Manan/UCSB/Winter26/GameTheory/Project/Project/results/presentation/run_full_presentable/figures/stats/pairwise_effect_welfare_regret_profile-A_steps-12_role-seller.png
/Users/manangup/Desktop/Manan/UCSB/Winter26/GameTheory/Project/Project/results/presentation/run_full_presentable/figures/stats/pairwise_effect_agreement_profile-A_steps-24_role-buyer.png
/Users/manangup/Desktop/Manan/UCSB/Winter26/GameTheory/Project/Project/results/presentation/run_full_presentable/figures/stats/pairwise_effect_own_utility_profile-A_steps-24_role-buyer.png
/Users/manangup/Desktop/Manan/UCSB/Winter26/GameTheory/Project/Project/results/presentation/run_full_presentable/figures/stats/pairwise_effect_welfare_profile-A_steps-24_role-buyer.png
/Users/manangup/Desktop/Manan/UCSB/Winter26/GameTheory/Project/Project/results/presentation/run_full_presentable/figures/stats/pairwise_effect_nash_distance_profile-A_steps-24_role-buyer.png
/Users/manangup/Desktop/Manan/UCSB/Winter26/GameTheory/Project/Project/results/presentation/run_full_presentable/figures/stats/pairwise_effect_kalai_distance_profile-A_steps-24_role-buyer.png
/Users/manangup/Desktop/Manan/UCSB/Winter26/GameTheory/Project/Project/results/presentation/run_full_presentable/figures/stats/pairwise_effect_ks_distance_profile-A_steps-24_role-buyer.png
/Users/manangup/Desktop/Manan/UCSB/Winter26/GameTheory/Project/Project/results/presentation/run_full_presentable/figures/stats/pairwise_effect_money_left_on_table_profile-A_steps-24_role-buyer.png
/Users/manangup/Desktop/Manan/UCSB/Winter26/GameTheory/Project/Project/results/presentation/run_full_presentable/figures/stats/pairwise_effect_welfare_regret_profile-A_steps-24_role-buyer.png
/Users/manangup/Desktop/Manan/UCSB/Winter26/GameTheory/Project/Project/results/presentation/run_full_presentable/figures/stats/pairwise_effect_agreement_profile-A_steps-24_role-seller.png
/Users/manangup/Desktop/Manan/UCSB/Winter26/GameTheory/Project/Project/results/presentation/run_full_presentable/figures/stats/pairwise_effect_own_utility_profile-A_steps-24_role-seller.png
/Users/manangup/Desktop/Manan/UCSB/Winter26/GameTheory/Project/Project/results/presentation/run_full_presentable/figures/stats/pairwise_effect_welfare_profile-A_steps-24_role-seller.png
/Users/manangup/Desktop/Manan/UCSB/Winter26/GameTheory/Project/Project/results/presentation/run_full_presentable/figures/stats/pairwise_effect_nash_distance_profile-A_steps-24_role-seller.png
/Users/manangup/Desktop/Manan/UCSB/Winter26/GameTheory/Project/Project/results/presentation/run_full_presentable/figures/stats/pairwise_effect_kalai_distance_profile-A_steps-24_role-seller.png
/Users/manangup/Desktop/Manan/UCSB/Winter26/GameTheory/Project/Project/results/presentation/run_full_presentable/figures/stats/pairwise_effect_ks_distance_profile-A_steps-24_role-seller.png
/Users/manangup/Desktop/Manan/UCSB/Winter26/GameTheory/Project/Project/results/presentation/run_full_presentable/figures/stats/pairwise_effect_money_left_on_table_profile-A_steps-24_role-seller.png
/Users/manangup/Desktop/Manan/UCSB/Winter26/GameTheory/Project/Project/results/presentation/run_full_presentable/figures/stats/pairwise_effect_welfare_regret_profile-A_steps-24_role-seller.png
/Users/manangup/Desktop/Manan/UCSB/Winter26/GameTheory/Project/Project/results/presentation/run_full_presentable/figures/stats/pairwise_effect_agreement_profile-A_steps-36_role-buyer.png
/Users/manangup/Desktop/Manan/UCSB/Winter26/GameTheory/Project/Project/results/presentation/run_full_presentable/figures/stats/pairwise_effect_own_utility_profile-A_steps-36_role-buyer.png
/Users/manangup/Desktop/Manan/UCSB/Winter26/GameTheory/Project/Project/results/presentation/run_full_presentable/figures/stats/pairwise_effect_welfare_profile-A_steps-36_role-buyer.png
/Users/manangup/Desktop/Manan/UCSB/Winter26/GameTheory/Project/Project/results/presentation/run_full_presentable/figures/stats/pairwise_effect_nash_distance_profile-A_steps-36_role-buyer.png
/Users/manangup/Desktop/Manan/UCSB/Winter26/GameTheory/Project/Project/results/presentation/run_full_presentable/figures/stats/pairwise_effect_kalai_distance_profile-A_steps-36_role-buyer.png
/Users/manangup/Desktop/Manan/UCSB/Winter26/GameTheory/Project/Project/results/presentation/run_full_presentable/figures/stats/pairwise_effect_ks_distance_profile-A_steps-36_role-buyer.png
/Users/manangup/Desktop/Manan/UCSB/Winter26/GameTheory/Project/Project/results/presentation/run_full_presentable/figures/stats/pairwise_effect_money_left_on_table_profile-A_steps-36_role-buyer.png
/Users/manangup/Desktop/Manan/UCSB/Winter26/GameTheory/Project/Project/results/presentation/run_full_presentable/figures/stats/pairwise_effect_welfare_regret_profile-A_steps-36_role-buyer.png
/Users/manangup/Desktop/Manan/UCSB/Winter26/GameTheory/Project/Project/results/presentation/run_full_presentable/figures/stats/pairwise_effect_agreement_profile-A_steps-36_role-seller.png
/Users/manangup/Desktop/Manan/UCSB/Winter26/GameTheory/Project/Project/results/presentation/run_full_presentable/figures/stats/pairwise_effect_own_utility_profile-A_steps-36_role-seller.png
/Users/manangup/Desktop/Manan/UCSB/Winter26/GameTheory/Project/Project/results/presentation/run_full_presentable/figures/stats/pairwise_effect_welfare_profile-A_steps-36_role-seller.png
/Users/manangup/Desktop/Manan/UCSB/Winter26/GameTheory/Project/Project/results/presentation/run_full_presentable/figures/stats/pairwise_effect_nash_distance_profile-A_steps-36_role-seller.png
/Users/manangup/Desktop/Manan/UCSB/Winter26/GameTheory/Project/Project/results/presentation/run_full_presentable/figures/stats/pairwise_effect_kalai_distance_profile-A_steps-36_role-seller.png
/Users/manangup/Desktop/Manan/UCSB/Winter26/GameTheory/Project/Project/results/presentation/run_full_presentable/figures/stats/pairwise_effect_ks_distance_profile-A_steps-36_role-seller.png
/Users/manangup/Desktop/Manan/UCSB/Winter26/GameTheory/Project/Project/results/presentation/run_full_presentable/figures/stats/pairwise_effect_money_left_on_table_profile-A_steps-36_role-seller.png
/Users/manangup/Desktop/Manan/UCSB/Winter26/GameTheory/Project/Project/results/presentation/run_full_presentable/figures/stats/pairwise_effect_welfare_regret_profile-A_steps-36_role-seller.png
/Users/manangup/Desktop/Manan/UCSB/Winter26/GameTheory/Project/Project/results/presentation/run_full_presentable/figures/stats/pairwise_effect_agreement_profile-B_steps-12_role-buyer.png
/Users/manangup/Desktop/Manan/UCSB/Winter26/GameTheory/Project/Project/results/presentation/run_full_presentable/figures/stats/pairwise_effect_own_utility_profile-B_steps-12_role-buyer.png
/Users/manangup/Desktop/Manan/UCSB/Winter26/GameTheory/Project/Project/results/presentation/run_full_presentable/figures/stats/pairwise_effect_welfare_profile-B_steps-12_role-buyer.png
/Users/manangup/Desktop/Manan/UCSB/Winter26/GameTheory/Project/Project/results/presentation/run_full_presentable/figures/stats/pairwise_effect_nash_distance_profile-B_steps-12_role-buyer.png
/Users/manangup/Desktop/Manan/UCSB/Winter26/GameTheory/Project/Project/results/presentation/run_full_presentable/figures/stats/pairwise_effect_kalai_distance_profile-B_steps-12_role-buyer.png
/Users/manangup/Desktop/Manan/UCSB/Winter26/GameTheory/Project/Project/results/presentation/run_full_presentable/figures/stats/pairwise_effect_ks_distance_profile-B_steps-12_role-buyer.png
/Users/manangup/Desktop/Manan/UCSB/Winter26/GameTheory/Project/Project/results/presentation/run_full_presentable/figures/stats/pairwise_effect_money_left_on_table_profile-B_steps-12_role-buyer.png
/Users/manangup/Desktop/Manan/UCSB/Winter26/GameTheory/Project/Project/results/presentation/run_full_presentable/figures/stats/pairwise_effect_welfare_regret_profile-B_steps-12_role-buyer.png
/Users/manangup/Desktop/Manan/UCSB/Winter26/GameTheory/Project/Project/results/presentation/run_full_presentable/figures/stats/pairwise_effect_agreement_profile-B_steps-12_role-seller.png
/Users/manangup/Desktop/Manan/UCSB/Winter26/GameTheory/Project/Project/results/presentation/run_full_presentable/figures/stats/pairwise_effect_own_utility_profile-B_steps-12_role-seller.png
/Users/manangup/Desktop/Manan/UCSB/Winter26/GameTheory/Project/Project/results/presentation/run_full_presentable/figures/stats/pairwise_effect_welfare_profile-B_steps-12_role-seller.png
/Users/manangup/Desktop/Manan/UCSB/Winter26/GameTheory/Project/Project/results/presentation/run_full_presentable/figures/stats/pairwise_effect_nash_distance_profile-B_steps-12_role-seller.png
/Users/manangup/Desktop/Manan/UCSB/Winter26/GameTheory/Project/Project/results/presentation/run_full_presentable/figures/stats/pairwise_effect_kalai_distance_profile-B_steps-12_role-seller.png
/Users/manangup/Desktop/Manan/UCSB/Winter26/GameTheory/Project/Project/results/presentation/run_full_presentable/figures/stats/pairwise_effect_ks_distance_profile-B_steps-12_role-seller.png
/Users/manangup/Desktop/Manan/UCSB/Winter26/GameTheory/Project/Project/results/presentation/run_full_presentable/figures/stats/pairwise_effect_money_left_on_table_profile-B_steps-12_role-seller.png
/Users/manangup/Desktop/Manan/UCSB/Winter26/GameTheory/Project/Project/results/presentation/run_full_presentable/figures/stats/pairwise_effect_welfare_regret_profile-B_steps-12_role-seller.png
/Users/manangup/Desktop/Manan/UCSB/Winter26/GameTheory/Project/Project/results/presentation/run_full_presentable/figures/stats/pairwise_effect_agreement_profile-B_steps-24_role-buyer.png
/Users/manangup/Desktop/Manan/UCSB/Winter26/GameTheory/Project/Project/results/presentation/run_full_presentable/figures/stats/pairwise_effect_own_utility_profile-B_steps-24_role-buyer.png
/Users/manangup/Desktop/Manan/UCSB/Winter26/GameTheory/Project/Project/results/presentation/run_full_presentable/figures/stats/pairwise_effect_welfare_profile-B_steps-24_role-buyer.png
/Users/manangup/Desktop/Manan/UCSB/Winter26/GameTheory/Project/Project/results/presentation/run_full_presentable/figures/stats/pairwise_effect_nash_distance_profile-B_steps-24_role-buyer.png
/Users/manangup/Desktop/Manan/UCSB/Winter26/GameTheory/Project/Project/results/presentation/run_full_presentable/figures/stats/pairwise_effect_kalai_distance_profile-B_steps-24_role-buyer.png
/Users/manangup/Desktop/Manan/UCSB/Winter26/GameTheory/Project/Project/results/presentation/run_full_presentable/figures/stats/pairwise_effect_ks_distance_profile-B_steps-24_role-buyer.png
/Users/manangup/Desktop/Manan/UCSB/Winter26/GameTheory/Project/Project/results/presentation/run_full_presentable/figures/stats/pairwise_effect_money_left_on_table_profile-B_steps-24_role-buyer.png
/Users/manangup/Desktop/Manan/UCSB/Winter26/GameTheory/Project/Project/results/presentation/run_full_presentable/figures/stats/pairwise_effect_welfare_regret_profile-B_steps-24_role-buyer.png
/Users/manangup/Desktop/Manan/UCSB/Winter26/GameTheory/Project/Project/results/presentation/run_full_presentable/figures/stats/pairwise_effect_agreement_profile-B_steps-24_role-seller.png
/Users/manangup/Desktop/Manan/UCSB/Winter26/GameTheory/Project/Project/results/presentation/run_full_presentable/figures/stats/pairwise_effect_own_utility_profile-B_steps-24_role-seller.png
/Users/manangup/Desktop/Manan/UCSB/Winter26/GameTheory/Project/Project/results/presentation/run_full_presentable/figures/stats/pairwise_effect_welfare_profile-B_steps-24_role-seller.png
/Users/manangup/Desktop/Manan/UCSB/Winter26/GameTheory/Project/Project/results/presentation/run_full_presentable/figures/stats/pairwise_effect_nash_distance_profile-B_steps-24_role-seller.png
/Users/manangup/Desktop/Manan/UCSB/Winter26/GameTheory/Project/Project/results/presentation/run_full_presentable/figures/stats/pairwise_effect_kalai_distance_profile-B_steps-24_role-seller.png
/Users/manangup/Desktop/Manan/UCSB/Winter26/GameTheory/Project/Project/results/presentation/run_full_presentable/figures/stats/pairwise_effect_ks_distance_profile-B_steps-24_role-seller.png
/Users/manangup/Desktop/Manan/UCSB/Winter26/GameTheory/Project/Project/results/presentation/run_full_presentable/figures/stats/pairwise_effect_money_left_on_table_profile-B_steps-24_role-seller.png
/Users/manangup/Desktop/Manan/UCSB/Winter26/GameTheory/Project/Project/results/presentation/run_full_presentable/figures/stats/pairwise_effect_welfare_regret_profile-B_steps-24_role-seller.png
/Users/manangup/Desktop/Manan/UCSB/Winter26/GameTheory/Project/Project/results/presentation/run_full_presentable/figures/stats/pairwise_effect_agreement_profile-B_steps-36_role-buyer.png
/Users/manangup/Desktop/Manan/UCSB/Winter26/GameTheory/Project/Project/results/presentation/run_full_presentable/figures/stats/pairwise_effect_own_utility_profile-B_steps-36_role-buyer.png
/Users/manangup/Desktop/Manan/UCSB/Winter26/GameTheory/Project/Project/results/presentation/run_full_presentable/figures/stats/pairwise_effect_welfare_profile-B_steps-36_role-buyer.png
/Users/manangup/Desktop/Manan/UCSB/Winter26/GameTheory/Project/Project/results/presentation/run_full_presentable/figures/stats/pairwise_effect_nash_distance_profile-B_steps-36_role-buyer.png
/Users/manangup/Desktop/Manan/UCSB/Winter26/GameTheory/Project/Project/results/presentation/run_full_presentable/figures/stats/pairwise_effect_kalai_distance_profile-B_steps-36_role-buyer.png
/Users/manangup/Desktop/Manan/UCSB/Winter26/GameTheory/Project/Project/results/presentation/run_full_presentable/figures/stats/pairwise_effect_ks_distance_profile-B_steps-36_role-buyer.png
/Users/manangup/Desktop/Manan/UCSB/Winter26/GameTheory/Project/Project/results/presentation/run_full_presentable/figures/stats/pairwise_effect_money_left_on_table_profile-B_steps-36_role-buyer.png
/Users/manangup/Desktop/Manan/UCSB/Winter26/GameTheory/Project/Project/results/presentation/run_full_presentable/figures/stats/pairwise_effect_welfare_regret_profile-B_steps-36_role-buyer.png
/Users/manangup/Desktop/Manan/UCSB/Winter26/GameTheory/Project/Project/results/presentation/run_full_presentable/figures/stats/pairwise_effect_agreement_profile-B_steps-36_role-seller.png
/Users/manangup/Desktop/Manan/UCSB/Winter26/GameTheory/Project/Project/results/presentation/run_full_presentable/figures/stats/pairwise_effect_own_utility_profile-B_steps-36_role-seller.png
/Users/manangup/Desktop/Manan/UCSB/Winter26/GameTheory/Project/Project/results/presentation/run_full_presentable/figures/stats/pairwise_effect_welfare_profile-B_steps-36_role-seller.png
/Users/manangup/Desktop/Manan/UCSB/Winter26/GameTheory/Project/Project/results/presentation/run_full_presentable/figures/stats/pairwise_effect_nash_distance_profile-B_steps-36_role-seller.png
/Users/manangup/Desktop/Manan/UCSB/Winter26/GameTheory/Project/Project/results/presentation/run_full_presentable/figures/stats/pairwise_effect_kalai_distance_profile-B_steps-36_role-seller.png
/Users/manangup/Desktop/Manan/UCSB/Winter26/GameTheory/Project/Project/results/presentation/run_full_presentable/figures/stats/pairwise_effect_ks_distance_profile-B_steps-36_role-seller.png
/Users/manangup/Desktop/Manan/UCSB/Winter26/GameTheory/Project/Project/results/presentation/run_full_presentable/figures/stats/pairwise_effect_money_left_on_table_profile-B_steps-36_role-seller.png
/Users/manangup/Desktop/Manan/UCSB/Winter26/GameTheory/Project/Project/results/presentation/run_full_presentable/figures/stats/pairwise_effect_welfare_regret_profile-B_steps-36_role-seller.png
/Users/manangup/Desktop/Manan/UCSB/Winter26/GameTheory/Project/Project/results/presentation/run_full_presentable/figures/stats/pairwise_effect_agreement_profile-C_steps-12_role-buyer.png
/Users/manangup/Desktop/Manan/UCSB/Winter26/GameTheory/Project/Project/results/presentation/run_full_presentable/figures/stats/pairwise_effect_own_utility_profile-C_steps-12_role-buyer.png
/Users/manangup/Desktop/Manan/UCSB/Winter26/GameTheory/Project/Project/results/presentation/run_full_presentable/figures/stats/pairwise_effect_welfare_profile-C_steps-12_role-buyer.png
/Users/manangup/Desktop/Manan/UCSB/Winter26/GameTheory/Project/Project/results/presentation/run_full_presentable/figures/stats/pairwise_effect_nash_distance_profile-C_steps-12_role-buyer.png
/Users/manangup/Desktop/Manan/UCSB/Winter26/GameTheory/Project/Project/results/presentation/run_full_presentable/figures/stats/pairwise_effect_kalai_distance_profile-C_steps-12_role-buyer.png
/Users/manangup/Desktop/Manan/UCSB/Winter26/GameTheory/Project/Project/results/presentation/run_full_presentable/figures/stats/pairwise_effect_ks_distance_profile-C_steps-12_role-buyer.png
/Users/manangup/Desktop/Manan/UCSB/Winter26/GameTheory/Project/Project/results/presentation/run_full_presentable/figures/stats/pairwise_effect_money_left_on_table_profile-C_steps-12_role-buyer.png
/Users/manangup/Desktop/Manan/UCSB/Winter26/GameTheory/Project/Project/results/presentation/run_full_presentable/figures/stats/pairwise_effect_welfare_regret_profile-C_steps-12_role-buyer.png
/Users/manangup/Desktop/Manan/UCSB/Winter26/GameTheory/Project/Project/results/presentation/run_full_presentable/figures/stats/pairwise_effect_agreement_profile-C_steps-12_role-seller.png
/Users/manangup/Desktop/Manan/UCSB/Winter26/GameTheory/Project/Project/results/presentation/run_full_presentable/figures/stats/pairwise_effect_own_utility_profile-C_steps-12_role-seller.png
/Users/manangup/Desktop/Manan/UCSB/Winter26/GameTheory/Project/Project/results/presentation/run_full_presentable/figures/stats/pairwise_effect_welfare_profile-C_steps-12_role-seller.png
/Users/manangup/Desktop/Manan/UCSB/Winter26/GameTheory/Project/Project/results/presentation/run_full_presentable/figures/stats/pairwise_effect_nash_distance_profile-C_steps-12_role-seller.png
/Users/manangup/Desktop/Manan/UCSB/Winter26/GameTheory/Project/Project/results/presentation/run_full_presentable/figures/stats/pairwise_effect_kalai_distance_profile-C_steps-12_role-seller.png
/Users/manangup/Desktop/Manan/UCSB/Winter26/GameTheory/Project/Project/results/presentation/run_full_presentable/figures/stats/pairwise_effect_ks_distance_profile-C_steps-12_role-seller.png
/Users/manangup/Desktop/Manan/UCSB/Winter26/GameTheory/Project/Project/results/presentation/run_full_presentable/figures/stats/pairwise_effect_money_left_on_table_profile-C_steps-12_role-seller.png
/Users/manangup/Desktop/Manan/UCSB/Winter26/GameTheory/Project/Project/results/presentation/run_full_presentable/figures/stats/pairwise_effect_welfare_regret_profile-C_steps-12_role-seller.png
/Users/manangup/Desktop/Manan/UCSB/Winter26/GameTheory/Project/Project/results/presentation/run_full_presentable/figures/stats/pairwise_effect_agreement_profile-C_steps-24_role-buyer.png
/Users/manangup/Desktop/Manan/UCSB/Winter26/GameTheory/Project/Project/results/presentation/run_full_presentable/figures/stats/pairwise_effect_own_utility_profile-C_steps-24_role-buyer.png
/Users/manangup/Desktop/Manan/UCSB/Winter26/GameTheory/Project/Project/results/presentation/run_full_presentable/figures/stats/pairwise_effect_welfare_profile-C_steps-24_role-buyer.png
/Users/manangup/Desktop/Manan/UCSB/Winter26/GameTheory/Project/Project/results/presentation/run_full_presentable/figures/stats/pairwise_effect_nash_distance_profile-C_steps-24_role-buyer.png
/Users/manangup/Desktop/Manan/UCSB/Winter26/GameTheory/Project/Project/results/presentation/run_full_presentable/figures/stats/pairwise_effect_kalai_distance_profile-C_steps-24_role-buyer.png
/Users/manangup/Desktop/Manan/UCSB/Winter26/GameTheory/Project/Project/results/presentation/run_full_presentable/figures/stats/pairwise_effect_ks_distance_profile-C_steps-24_role-buyer.png
/Users/manangup/Desktop/Manan/UCSB/Winter26/GameTheory/Project/Project/results/presentation/run_full_presentable/figures/stats/pairwise_effect_money_left_on_table_profile-C_steps-24_role-buyer.png
/Users/manangup/Desktop/Manan/UCSB/Winter26/GameTheory/Project/Project/results/presentation/run_full_presentable/figures/stats/pairwise_effect_welfare_regret_profile-C_steps-24_role-buyer.png
/Users/manangup/Desktop/Manan/UCSB/Winter26/GameTheory/Project/Project/results/presentation/run_full_presentable/figures/stats/pairwise_effect_agreement_profile-C_steps-24_role-seller.png
/Users/manangup/Desktop/Manan/UCSB/Winter26/GameTheory/Project/Project/results/presentation/run_full_presentable/figures/stats/pairwise_effect_own_utility_profile-C_steps-24_role-seller.png
/Users/manangup/Desktop/Manan/UCSB/Winter26/GameTheory/Project/Project/results/presentation/run_full_presentable/figures/stats/pairwise_effect_welfare_profile-C_steps-24_role-seller.png
/Users/manangup/Desktop/Manan/UCSB/Winter26/GameTheory/Project/Project/results/presentation/run_full_presentable/figures/stats/pairwise_effect_nash_distance_profile-C_steps-24_role-seller.png
/Users/manangup/Desktop/Manan/UCSB/Winter26/GameTheory/Project/Project/results/presentation/run_full_presentable/figures/stats/pairwise_effect_kalai_distance_profile-C_steps-24_role-seller.png
/Users/manangup/Desktop/Manan/UCSB/Winter26/GameTheory/Project/Project/results/presentation/run_full_presentable/figures/stats/pairwise_effect_ks_distance_profile-C_steps-24_role-seller.png
/Users/manangup/Desktop/Manan/UCSB/Winter26/GameTheory/Project/Project/results/presentation/run_full_presentable/figures/stats/pairwise_effect_money_left_on_table_profile-C_steps-24_role-seller.png
/Users/manangup/Desktop/Manan/UCSB/Winter26/GameTheory/Project/Project/results/presentation/run_full_presentable/figures/stats/pairwise_effect_welfare_regret_profile-C_steps-24_role-seller.png
/Users/manangup/Desktop/Manan/UCSB/Winter26/GameTheory/Project/Project/results/presentation/run_full_presentable/figures/stats/pairwise_effect_agreement_profile-C_steps-36_role-buyer.png
/Users/manangup/Desktop/Manan/UCSB/Winter26/GameTheory/Project/Project/results/presentation/run_full_presentable/figures/stats/pairwise_effect_own_utility_profile-C_steps-36_role-buyer.png
/Users/manangup/Desktop/Manan/UCSB/Winter26/GameTheory/Project/Project/results/presentation/run_full_presentable/figures/stats/pairwise_effect_welfare_profile-C_steps-36_role-buyer.png
/Users/manangup/Desktop/Manan/UCSB/Winter26/GameTheory/Project/Project/results/presentation/run_full_presentable/figures/stats/pairwise_effect_nash_distance_profile-C_steps-36_role-buyer.png
/Users/manangup/Desktop/Manan/UCSB/Winter26/GameTheory/Project/Project/results/presentation/run_full_presentable/figures/stats/pairwise_effect_kalai_distance_profile-C_steps-36_role-buyer.png
/Users/manangup/Desktop/Manan/UCSB/Winter26/GameTheory/Project/Project/results/presentation/run_full_presentable/figures/stats/pairwise_effect_ks_distance_profile-C_steps-36_role-buyer.png
/Users/manangup/Desktop/Manan/UCSB/Winter26/GameTheory/Project/Project/results/presentation/run_full_presentable/figures/stats/pairwise_effect_money_left_on_table_profile-C_steps-36_role-buyer.png
/Users/manangup/Desktop/Manan/UCSB/Winter26/GameTheory/Project/Project/results/presentation/run_full_presentable/figures/stats/pairwise_effect_welfare_regret_profile-C_steps-36_role-buyer.png
/Users/manangup/Desktop/Manan/UCSB/Winter26/GameTheory/Project/Project/results/presentation/run_full_presentable/figures/stats/pairwise_effect_agreement_profile-C_steps-36_role-seller.png
/Users/manangup/Desktop/Manan/UCSB/Winter26/GameTheory/Project/Project/results/presentation/run_full_presentable/figures/stats/pairwise_effect_own_utility_profile-C_steps-36_role-seller.png
/Users/manangup/Desktop/Manan/UCSB/Winter26/GameTheory/Project/Project/results/presentation/run_full_presentable/figures/stats/pairwise_effect_welfare_profile-C_steps-36_role-seller.png
/Users/manangup/Desktop/Manan/UCSB/Winter26/GameTheory/Project/Project/results/presentation/run_full_presentable/figures/stats/pairwise_effect_nash_distance_profile-C_steps-36_role-seller.png
/Users/manangup/Desktop/Manan/UCSB/Winter26/GameTheory/Project/Project/results/presentation/run_full_presentable/figures/stats/pairwise_effect_kalai_distance_profile-C_steps-36_role-seller.png
/Users/manangup/Desktop/Manan/UCSB/Winter26/GameTheory/Project/Project/results/presentation/run_full_presentable/figures/stats/pairwise_effect_ks_distance_profile-C_steps-36_role-seller.png
/Users/manangup/Desktop/Manan/UCSB/Winter26/GameTheory/Project/Project/results/presentation/run_full_presentable/figures/stats/pairwise_effect_money_left_on_table_profile-C_steps-36_role-seller.png
/Users/manangup/Desktop/Manan/UCSB/Winter26/GameTheory/Project/Project/results/presentation/run_full_presentable/figures/stats/pairwise_effect_welfare_regret_profile-C_steps-36_role-seller.png
/Users/manangup/Desktop/Manan/UCSB/Winter26/GameTheory/Project/Project/results/presentation/run_full_presentable/figures/stats/pairwise_effect_agreement_profile-D_steps-12_role-buyer.png
/Users/manangup/Desktop/Manan/UCSB/Winter26/GameTheory/Project/Project/results/presentation/run_full_presentable/figures/stats/pairwise_effect_own_utility_profile-D_steps-12_role-buyer.png
/Users/manangup/Desktop/Manan/UCSB/Winter26/GameTheory/Project/Project/results/presentation/run_full_presentable/figures/stats/pairwise_effect_welfare_profile-D_steps-12_role-buyer.png
/Users/manangup/Desktop/Manan/UCSB/Winter26/GameTheory/Project/Project/results/presentation/run_full_presentable/figures/stats/pairwise_effect_nash_distance_profile-D_steps-12_role-buyer.png
/Users/manangup/Desktop/Manan/UCSB/Winter26/GameTheory/Project/Project/results/presentation/run_full_presentable/figures/stats/pairwise_effect_kalai_distance_profile-D_steps-12_role-buyer.png
/Users/manangup/Desktop/Manan/UCSB/Winter26/GameTheory/Project/Project/results/presentation/run_full_presentable/figures/stats/pairwise_effect_ks_distance_profile-D_steps-12_role-buyer.png
/Users/manangup/Desktop/Manan/UCSB/Winter26/GameTheory/Project/Project/results/presentation/run_full_presentable/figures/stats/pairwise_effect_money_left_on_table_profile-D_steps-12_role-buyer.png
/Users/manangup/Desktop/Manan/UCSB/Winter26/GameTheory/Project/Project/results/presentation/run_full_presentable/figures/stats/pairwise_effect_welfare_regret_profile-D_steps-12_role-buyer.png
/Users/manangup/Desktop/Manan/UCSB/Winter26/GameTheory/Project/Project/results/presentation/run_full_presentable/figures/stats/pairwise_effect_agreement_profile-D_steps-12_role-seller.png
/Users/manangup/Desktop/Manan/UCSB/Winter26/GameTheory/Project/Project/results/presentation/run_full_presentable/figures/stats/pairwise_effect_own_utility_profile-D_steps-12_role-seller.png
/Users/manangup/Desktop/Manan/UCSB/Winter26/GameTheory/Project/Project/results/presentation/run_full_presentable/figures/stats/pairwise_effect_welfare_profile-D_steps-12_role-seller.png
/Users/manangup/Desktop/Manan/UCSB/Winter26/GameTheory/Project/Project/results/presentation/run_full_presentable/figures/stats/pairwise_effect_nash_distance_profile-D_steps-12_role-seller.png
/Users/manangup/Desktop/Manan/UCSB/Winter26/GameTheory/Project/Project/results/presentation/run_full_presentable/figures/stats/pairwise_effect_kalai_distance_profile-D_steps-12_role-seller.png
/Users/manangup/Desktop/Manan/UCSB/Winter26/GameTheory/Project/Project/results/presentation/run_full_presentable/figures/stats/pairwise_effect_ks_distance_profile-D_steps-12_role-seller.png
/Users/manangup/Desktop/Manan/UCSB/Winter26/GameTheory/Project/Project/results/presentation/run_full_presentable/figures/stats/pairwise_effect_money_left_on_table_profile-D_steps-12_role-seller.png
/Users/manangup/Desktop/Manan/UCSB/Winter26/GameTheory/Project/Project/results/presentation/run_full_presentable/figures/stats/pairwise_effect_welfare_regret_profile-D_steps-12_role-seller.png
/Users/manangup/Desktop/Manan/UCSB/Winter26/GameTheory/Project/Project/results/presentation/run_full_presentable/figures/stats/pairwise_effect_agreement_profile-D_steps-24_role-buyer.png
/Users/manangup/Desktop/Manan/UCSB/Winter26/GameTheory/Project/Project/results/presentation/run_full_presentable/figures/stats/pairwise_effect_own_utility_profile-D_steps-24_role-buyer.png
/Users/manangup/Desktop/Manan/UCSB/Winter26/GameTheory/Project/Project/results/presentation/run_full_presentable/figures/stats/pairwise_effect_welfare_profile-D_steps-24_role-buyer.png
/Users/manangup/Desktop/Manan/UCSB/Winter26/GameTheory/Project/Project/results/presentation/run_full_presentable/figures/stats/pairwise_effect_nash_distance_profile-D_steps-24_role-buyer.png
/Users/manangup/Desktop/Manan/UCSB/Winter26/GameTheory/Project/Project/results/presentation/run_full_presentable/figures/stats/pairwise_effect_kalai_distance_profile-D_steps-24_role-buyer.png
/Users/manangup/Desktop/Manan/UCSB/Winter26/GameTheory/Project/Project/results/presentation/run_full_presentable/figures/stats/pairwise_effect_ks_distance_profile-D_steps-24_role-buyer.png
/Users/manangup/Desktop/Manan/UCSB/Winter26/GameTheory/Project/Project/results/presentation/run_full_presentable/figures/stats/pairwise_effect_money_left_on_table_profile-D_steps-24_role-buyer.png
/Users/manangup/Desktop/Manan/UCSB/Winter26/GameTheory/Project/Project/results/presentation/run_full_presentable/figures/stats/pairwise_effect_welfare_regret_profile-D_steps-24_role-buyer.png
/Users/manangup/Desktop/Manan/UCSB/Winter26/GameTheory/Project/Project/results/presentation/run_full_presentable/figures/stats/pairwise_effect_agreement_profile-D_steps-24_role-seller.png
/Users/manangup/Desktop/Manan/UCSB/Winter26/GameTheory/Project/Project/results/presentation/run_full_presentable/figures/stats/pairwise_effect_own_utility_profile-D_steps-24_role-seller.png
/Users/manangup/Desktop/Manan/UCSB/Winter26/GameTheory/Project/Project/results/presentation/run_full_presentable/figures/stats/pairwise_effect_welfare_profile-D_steps-24_role-seller.png
/Users/manangup/Desktop/Manan/UCSB/Winter26/GameTheory/Project/Project/results/presentation/run_full_presentable/figures/stats/pairwise_effect_nash_distance_profile-D_steps-24_role-seller.png
/Users/manangup/Desktop/Manan/UCSB/Winter26/GameTheory/Project/Project/results/presentation/run_full_presentable/figures/stats/pairwise_effect_kalai_distance_profile-D_steps-24_role-seller.png
/Users/manangup/Desktop/Manan/UCSB/Winter26/GameTheory/Project/Project/results/presentation/run_full_presentable/figures/stats/pairwise_effect_ks_distance_profile-D_steps-24_role-seller.png
/Users/manangup/Desktop/Manan/UCSB/Winter26/GameTheory/Project/Project/results/presentation/run_full_presentable/figures/stats/pairwise_effect_money_left_on_table_profile-D_steps-24_role-seller.png
/Users/manangup/Desktop/Manan/UCSB/Winter26/GameTheory/Project/Project/results/presentation/run_full_presentable/figures/stats/pairwise_effect_welfare_regret_profile-D_steps-24_role-seller.png
/Users/manangup/Desktop/Manan/UCSB/Winter26/GameTheory/Project/Project/results/presentation/run_full_presentable/figures/stats/pairwise_effect_agreement_profile-D_steps-36_role-buyer.png
/Users/manangup/Desktop/Manan/UCSB/Winter26/GameTheory/Project/Project/results/presentation/run_full_presentable/figures/stats/pairwise_effect_own_utility_profile-D_steps-36_role-buyer.png
/Users/manangup/Desktop/Manan/UCSB/Winter26/GameTheory/Project/Project/results/presentation/run_full_presentable/figures/stats/pairwise_effect_welfare_profile-D_steps-36_role-buyer.png
/Users/manangup/Desktop/Manan/UCSB/Winter26/GameTheory/Project/Project/results/presentation/run_full_presentable/figures/stats/pairwise_effect_nash_distance_profile-D_steps-36_role-buyer.png
/Users/manangup/Desktop/Manan/UCSB/Winter26/GameTheory/Project/Project/results/presentation/run_full_presentable/figures/stats/pairwise_effect_kalai_distance_profile-D_steps-36_role-buyer.png
/Users/manangup/Desktop/Manan/UCSB/Winter26/GameTheory/Project/Project/results/presentation/run_full_presentable/figures/stats/pairwise_effect_ks_distance_profile-D_steps-36_role-buyer.png
/Users/manangup/Desktop/Manan/UCSB/Winter26/GameTheory/Project/Project/results/presentation/run_full_presentable/figures/stats/pairwise_effect_money_left_on_table_profile-D_steps-36_role-buyer.png
/Users/manangup/Desktop/Manan/UCSB/Winter26/GameTheory/Project/Project/results/presentation/run_full_presentable/figures/stats/pairwise_effect_welfare_regret_profile-D_steps-36_role-buyer.png
/Users/manangup/Desktop/Manan/UCSB/Winter26/GameTheory/Project/Project/results/presentation/run_full_presentable/figures/stats/pairwise_effect_agreement_profile-D_steps-36_role-seller.png
/Users/manangup/Desktop/Manan/UCSB/Winter26/GameTheory/Project/Project/results/presentation/run_full_presentable/figures/stats/pairwise_effect_own_utility_profile-D_steps-36_role-seller.png
/Users/manangup/Desktop/Manan/UCSB/Winter26/GameTheory/Project/Project/results/presentation/run_full_presentable/figures/stats/pairwise_effect_welfare_profile-D_steps-36_role-seller.png
/Users/manangup/Desktop/Manan/UCSB/Winter26/GameTheory/Project/Project/results/presentation/run_full_presentable/figures/stats/pairwise_effect_nash_distance_profile-D_steps-36_role-seller.png
/Users/manangup/Desktop/Manan/UCSB/Winter26/GameTheory/Project/Project/results/presentation/run_full_presentable/figures/stats/pairwise_effect_kalai_distance_profile-D_steps-36_role-seller.png
/Users/manangup/Desktop/Manan/UCSB/Winter26/GameTheory/Project/Project/results/presentation/run_full_presentable/figures/stats/pairwise_effect_ks_distance_profile-D_steps-36_role-seller.png
/Users/manangup/Desktop/Manan/UCSB/Winter26/GameTheory/Project/Project/results/presentation/run_full_presentable/figures/stats/pairwise_effect_money_left_on_table_profile-D_steps-36_role-seller.png
/Users/manangup/Desktop/Manan/UCSB/Winter26/GameTheory/Project/Project/results/presentation/run_full_presentable/figures/stats/pairwise_effect_welfare_regret_profile-D_steps-36_role-seller.png
/Users/manangup/Desktop/Manan/UCSB/Winter26/GameTheory/Project/Project/results/presentation/run_full_presentable/figures/stats/pairwise_effect_agreement_profile-E_steps-12_role-buyer.png
/Users/manangup/Desktop/Manan/UCSB/Winter26/GameTheory/Project/Project/results/presentation/run_full_presentable/figures/stats/pairwise_effect_own_utility_profile-E_steps-12_role-buyer.png
/Users/manangup/Desktop/Manan/UCSB/Winter26/GameTheory/Project/Project/results/presentation/run_full_presentable/figures/stats/pairwise_effect_welfare_profile-E_steps-12_role-buyer.png
/Users/manangup/Desktop/Manan/UCSB/Winter26/GameTheory/Project/Project/results/presentation/run_full_presentable/figures/stats/pairwise_effect_nash_distance_profile-E_steps-12_role-buyer.png
/Users/manangup/Desktop/Manan/UCSB/Winter26/GameTheory/Project/Project/results/presentation/run_full_presentable/figures/stats/pairwise_effect_kalai_distance_profile-E_steps-12_role-buyer.png
/Users/manangup/Desktop/Manan/UCSB/Winter26/GameTheory/Project/Project/results/presentation/run_full_presentable/figures/stats/pairwise_effect_ks_distance_profile-E_steps-12_role-buyer.png
/Users/manangup/Desktop/Manan/UCSB/Winter26/GameTheory/Project/Project/results/presentation/run_full_presentable/figures/stats/pairwise_effect_money_left_on_table_profile-E_steps-12_role-buyer.png
/Users/manangup/Desktop/Manan/UCSB/Winter26/GameTheory/Project/Project/results/presentation/run_full_presentable/figures/stats/pairwise_effect_welfare_regret_profile-E_steps-12_role-buyer.png
/Users/manangup/Desktop/Manan/UCSB/Winter26/GameTheory/Project/Project/results/presentation/run_full_presentable/figures/stats/pairwise_effect_agreement_profile-E_steps-12_role-seller.png
/Users/manangup/Desktop/Manan/UCSB/Winter26/GameTheory/Project/Project/results/presentation/run_full_presentable/figures/stats/pairwise_effect_own_utility_profile-E_steps-12_role-seller.png
/Users/manangup/Desktop/Manan/UCSB/Winter26/GameTheory/Project/Project/results/presentation/run_full_presentable/figures/stats/pairwise_effect_welfare_profile-E_steps-12_role-seller.png
/Users/manangup/Desktop/Manan/UCSB/Winter26/GameTheory/Project/Project/results/presentation/run_full_presentable/figures/stats/pairwise_effect_nash_distance_profile-E_steps-12_role-seller.png
/Users/manangup/Desktop/Manan/UCSB/Winter26/GameTheory/Project/Project/results/presentation/run_full_presentable/figures/stats/pairwise_effect_kalai_distance_profile-E_steps-12_role-seller.png
/Users/manangup/Desktop/Manan/UCSB/Winter26/GameTheory/Project/Project/results/presentation/run_full_presentable/figures/stats/pairwise_effect_ks_distance_profile-E_steps-12_role-seller.png
/Users/manangup/Desktop/Manan/UCSB/Winter26/GameTheory/Project/Project/results/presentation/run_full_presentable/figures/stats/pairwise_effect_money_left_on_table_profile-E_steps-12_role-seller.png
/Users/manangup/Desktop/Manan/UCSB/Winter26/GameTheory/Project/Project/results/presentation/run_full_presentable/figures/stats/pairwise_effect_welfare_regret_profile-E_steps-12_role-seller.png
/Users/manangup/Desktop/Manan/UCSB/Winter26/GameTheory/Project/Project/results/presentation/run_full_presentable/figures/stats/pairwise_effect_agreement_profile-E_steps-24_role-buyer.png
/Users/manangup/Desktop/Manan/UCSB/Winter26/GameTheory/Project/Project/results/presentation/run_full_presentable/figures/stats/pairwise_effect_own_utility_profile-E_steps-24_role-buyer.png
/Users/manangup/Desktop/Manan/UCSB/Winter26/GameTheory/Project/Project/results/presentation/run_full_presentable/figures/stats/pairwise_effect_welfare_profile-E_steps-24_role-buyer.png
/Users/manangup/Desktop/Manan/UCSB/Winter26/GameTheory/Project/Project/results/presentation/run_full_presentable/figures/stats/pairwise_effect_nash_distance_profile-E_steps-24_role-buyer.png
/Users/manangup/Desktop/Manan/UCSB/Winter26/GameTheory/Project/Project/results/presentation/run_full_presentable/figures/stats/pairwise_effect_kalai_distance_profile-E_steps-24_role-buyer.png
/Users/manangup/Desktop/Manan/UCSB/Winter26/GameTheory/Project/Project/results/presentation/run_full_presentable/figures/stats/pairwise_effect_ks_distance_profile-E_steps-24_role-buyer.png
/Users/manangup/Desktop/Manan/UCSB/Winter26/GameTheory/Project/Project/results/presentation/run_full_presentable/figures/stats/pairwise_effect_money_left_on_table_profile-E_steps-24_role-buyer.png
/Users/manangup/Desktop/Manan/UCSB/Winter26/GameTheory/Project/Project/results/presentation/run_full_presentable/figures/stats/pairwise_effect_welfare_regret_profile-E_steps-24_role-buyer.png
/Users/manangup/Desktop/Manan/UCSB/Winter26/GameTheory/Project/Project/results/presentation/run_full_presentable/figures/stats/pairwise_effect_agreement_profile-E_steps-24_role-seller.png
/Users/manangup/Desktop/Manan/UCSB/Winter26/GameTheory/Project/Project/results/presentation/run_full_presentable/figures/stats/pairwise_effect_own_utility_profile-E_steps-24_role-seller.png
/Users/manangup/Desktop/Manan/UCSB/Winter26/GameTheory/Project/Project/results/presentation/run_full_presentable/figures/stats/pairwise_effect_welfare_profile-E_steps-24_role-seller.png
/Users/manangup/Desktop/Manan/UCSB/Winter26/GameTheory/Project/Project/results/presentation/run_full_presentable/figures/stats/pairwise_effect_nash_distance_profile-E_steps-24_role-seller.png
/Users/manangup/Desktop/Manan/UCSB/Winter26/GameTheory/Project/Project/results/presentation/run_full_presentable/figures/stats/pairwise_effect_kalai_distance_profile-E_steps-24_role-seller.png
/Users/manangup/Desktop/Manan/UCSB/Winter26/GameTheory/Project/Project/results/presentation/run_full_presentable/figures/stats/pairwise_effect_ks_distance_profile-E_steps-24_role-seller.png
/Users/manangup/Desktop/Manan/UCSB/Winter26/GameTheory/Project/Project/results/presentation/run_full_presentable/figures/stats/pairwise_effect_money_left_on_table_profile-E_steps-24_role-seller.png
/Users/manangup/Desktop/Manan/UCSB/Winter26/GameTheory/Project/Project/results/presentation/run_full_presentable/figures/stats/pairwise_effect_welfare_regret_profile-E_steps-24_role-seller.png
/Users/manangup/Desktop/Manan/UCSB/Winter26/GameTheory/Project/Project/results/presentation/run_full_presentable/figures/stats/pairwise_effect_agreement_profile-E_steps-36_role-buyer.png
/Users/manangup/Desktop/Manan/UCSB/Winter26/GameTheory/Project/Project/results/presentation/run_full_presentable/figures/stats/pairwise_effect_own_utility_profile-E_steps-36_role-buyer.png
/Users/manangup/Desktop/Manan/UCSB/Winter26/GameTheory/Project/Project/results/presentation/run_full_presentable/figures/stats/pairwise_effect_welfare_profile-E_steps-36_role-buyer.png
/Users/manangup/Desktop/Manan/UCSB/Winter26/GameTheory/Project/Project/results/presentation/run_full_presentable/figures/stats/pairwise_effect_nash_distance_profile-E_steps-36_role-buyer.png
/Users/manangup/Desktop/Manan/UCSB/Winter26/GameTheory/Project/Project/results/presentation/run_full_presentable/figures/stats/pairwise_effect_kalai_distance_profile-E_steps-36_role-buyer.png
/Users/manangup/Desktop/Manan/UCSB/Winter26/GameTheory/Project/Project/results/presentation/run_full_presentable/figures/stats/pairwise_effect_ks_distance_profile-E_steps-36_role-buyer.png
/Users/manangup/Desktop/Manan/UCSB/Winter26/GameTheory/Project/Project/results/presentation/run_full_presentable/figures/stats/pairwise_effect_money_left_on_table_profile-E_steps-36_role-buyer.png
/Users/manangup/Desktop/Manan/UCSB/Winter26/GameTheory/Project/Project/results/presentation/run_full_presentable/figures/stats/pairwise_effect_welfare_regret_profile-E_steps-36_role-buyer.png
/Users/manangup/Desktop/Manan/UCSB/Winter26/GameTheory/Project/Project/results/presentation/run_full_presentable/figures/stats/pairwise_effect_agreement_profile-E_steps-36_role-seller.png
/Users/manangup/Desktop/Manan/UCSB/Winter26/GameTheory/Project/Project/results/presentation/run_full_presentable/figures/stats/pairwise_effect_own_utility_profile-E_steps-36_role-seller.png
/Users/manangup/Desktop/Manan/UCSB/Winter26/GameTheory/Project/Project/results/presentation/run_full_presentable/figures/stats/pairwise_effect_welfare_profile-E_steps-36_role-seller.png
/Users/manangup/Desktop/Manan/UCSB/Winter26/GameTheory/Project/Project/results/presentation/run_full_presentable/figures/stats/pairwise_effect_nash_distance_profile-E_steps-36_role-seller.png
/Users/manangup/Desktop/Manan/UCSB/Winter26/GameTheory/Project/Project/results/presentation/run_full_presentable/figures/stats/pairwise_effect_kalai_distance_profile-E_steps-36_role-seller.png
/Users/manangup/Desktop/Manan/UCSB/Winter26/GameTheory/Project/Project/results/presentation/run_full_presentable/figures/stats/pairwise_effect_ks_distance_profile-E_steps-36_role-seller.png
/Users/manangup/Desktop/Manan/UCSB/Winter26/GameTheory/Project/Project/results/presentation/run_full_presentable/figures/stats/pairwise_effect_money_left_on_table_profile-E_steps-36_role-seller.png
/Users/manangup/Desktop/Manan/UCSB/Winter26/GameTheory/Project/Project/results/presentation/run_full_presentable/figures/stats/pairwise_effect_welfare_regret_profile-E_steps-36_role-seller.png
/Users/manangup/Desktop/Manan/UCSB/Winter26/GameTheory/Project/Project/results/presentation/run_full_presentable/figures/stats/pairwise_effect_agreement_profile-F_steps-12_role-buyer.png
/Users/manangup/Desktop/Manan/UCSB/Winter26/GameTheory/Project/Project/results/presentation/run_full_presentable/figures/stats/pairwise_effect_own_utility_profile-F_steps-12_role-buyer.png
/Users/manangup/Desktop/Manan/UCSB/Winter26/GameTheory/Project/Project/results/presentation/run_full_presentable/figures/stats/pairwise_effect_welfare_profile-F_steps-12_role-buyer.png
/Users/manangup/Desktop/Manan/UCSB/Winter26/GameTheory/Project/Project/results/presentation/run_full_presentable/figures/stats/pairwise_effect_nash_distance_profile-F_steps-12_role-buyer.png
/Users/manangup/Desktop/Manan/UCSB/Winter26/GameTheory/Project/Project/results/presentation/run_full_presentable/figures/stats/pairwise_effect_kalai_distance_profile-F_steps-12_role-buyer.png
/Users/manangup/Desktop/Manan/UCSB/Winter26/GameTheory/Project/Project/results/presentation/run_full_presentable/figures/stats/pairwise_effect_ks_distance_profile-F_steps-12_role-buyer.png
/Users/manangup/Desktop/Manan/UCSB/Winter26/GameTheory/Project/Project/results/presentation/run_full_presentable/figures/stats/pairwise_effect_money_left_on_table_profile-F_steps-12_role-buyer.png
/Users/manangup/Desktop/Manan/UCSB/Winter26/GameTheory/Project/Project/results/presentation/run_full_presentable/figures/stats/pairwise_effect_welfare_regret_profile-F_steps-12_role-buyer.png
/Users/manangup/Desktop/Manan/UCSB/Winter26/GameTheory/Project/Project/results/presentation/run_full_presentable/figures/stats/pairwise_effect_agreement_profile-F_steps-12_role-seller.png
/Users/manangup/Desktop/Manan/UCSB/Winter26/GameTheory/Project/Project/results/presentation/run_full_presentable/figures/stats/pairwise_effect_own_utility_profile-F_steps-12_role-seller.png
/Users/manangup/Desktop/Manan/UCSB/Winter26/GameTheory/Project/Project/results/presentation/run_full_presentable/figures/stats/pairwise_effect_welfare_profile-F_steps-12_role-seller.png
/Users/manangup/Desktop/Manan/UCSB/Winter26/GameTheory/Project/Project/results/presentation/run_full_presentable/figures/stats/pairwise_effect_nash_distance_profile-F_steps-12_role-seller.png
/Users/manangup/Desktop/Manan/UCSB/Winter26/GameTheory/Project/Project/results/presentation/run_full_presentable/figures/stats/pairwise_effect_kalai_distance_profile-F_steps-12_role-seller.png
/Users/manangup/Desktop/Manan/UCSB/Winter26/GameTheory/Project/Project/results/presentation/run_full_presentable/figures/stats/pairwise_effect_ks_distance_profile-F_steps-12_role-seller.png
/Users/manangup/Desktop/Manan/UCSB/Winter26/GameTheory/Project/Project/results/presentation/run_full_presentable/figures/stats/pairwise_effect_money_left_on_table_profile-F_steps-12_role-seller.png
/Users/manangup/Desktop/Manan/UCSB/Winter26/GameTheory/Project/Project/results/presentation/run_full_presentable/figures/stats/pairwise_effect_welfare_regret_profile-F_steps-12_role-seller.png
/Users/manangup/Desktop/Manan/UCSB/Winter26/GameTheory/Project/Project/results/presentation/run_full_presentable/figures/stats/pairwise_effect_agreement_profile-F_steps-24_role-buyer.png
/Users/manangup/Desktop/Manan/UCSB/Winter26/GameTheory/Project/Project/results/presentation/run_full_presentable/figures/stats/pairwise_effect_own_utility_profile-F_steps-24_role-buyer.png
/Users/manangup/Desktop/Manan/UCSB/Winter26/GameTheory/Project/Project/results/presentation/run_full_presentable/figures/stats/pairwise_effect_welfare_profile-F_steps-24_role-buyer.png
/Users/manangup/Desktop/Manan/UCSB/Winter26/GameTheory/Project/Project/results/presentation/run_full_presentable/figures/stats/pairwise_effect_nash_distance_profile-F_steps-24_role-buyer.png
/Users/manangup/Desktop/Manan/UCSB/Winter26/GameTheory/Project/Project/results/presentation/run_full_presentable/figures/stats/pairwise_effect_kalai_distance_profile-F_steps-24_role-buyer.png
/Users/manangup/Desktop/Manan/UCSB/Winter26/GameTheory/Project/Project/results/presentation/run_full_presentable/figures/stats/pairwise_effect_ks_distance_profile-F_steps-24_role-buyer.png
/Users/manangup/Desktop/Manan/UCSB/Winter26/GameTheory/Project/Project/results/presentation/run_full_presentable/figures/stats/pairwise_effect_money_left_on_table_profile-F_steps-24_role-buyer.png
/Users/manangup/Desktop/Manan/UCSB/Winter26/GameTheory/Project/Project/results/presentation/run_full_presentable/figures/stats/pairwise_effect_welfare_regret_profile-F_steps-24_role-buyer.png
/Users/manangup/Desktop/Manan/UCSB/Winter26/GameTheory/Project/Project/results/presentation/run_full_presentable/figures/stats/pairwise_effect_agreement_profile-F_steps-24_role-seller.png
/Users/manangup/Desktop/Manan/UCSB/Winter26/GameTheory/Project/Project/results/presentation/run_full_presentable/figures/stats/pairwise_effect_own_utility_profile-F_steps-24_role-seller.png
/Users/manangup/Desktop/Manan/UCSB/Winter26/GameTheory/Project/Project/results/presentation/run_full_presentable/figures/stats/pairwise_effect_welfare_profile-F_steps-24_role-seller.png
/Users/manangup/Desktop/Manan/UCSB/Winter26/GameTheory/Project/Project/results/presentation/run_full_presentable/figures/stats/pairwise_effect_nash_distance_profile-F_steps-24_role-seller.png
/Users/manangup/Desktop/Manan/UCSB/Winter26/GameTheory/Project/Project/results/presentation/run_full_presentable/figures/stats/pairwise_effect_kalai_distance_profile-F_steps-24_role-seller.png
/Users/manangup/Desktop/Manan/UCSB/Winter26/GameTheory/Project/Project/results/presentation/run_full_presentable/figures/stats/pairwise_effect_ks_distance_profile-F_steps-24_role-seller.png
/Users/manangup/Desktop/Manan/UCSB/Winter26/GameTheory/Project/Project/results/presentation/run_full_presentable/figures/stats/pairwise_effect_money_left_on_table_profile-F_steps-24_role-seller.png
/Users/manangup/Desktop/Manan/UCSB/Winter26/GameTheory/Project/Project/results/presentation/run_full_presentable/figures/stats/pairwise_effect_welfare_regret_profile-F_steps-24_role-seller.png
/Users/manangup/Desktop/Manan/UCSB/Winter26/GameTheory/Project/Project/results/presentation/run_full_presentable/figures/stats/pairwise_effect_agreement_profile-F_steps-36_role-buyer.png
/Users/manangup/Desktop/Manan/UCSB/Winter26/GameTheory/Project/Project/results/presentation/run_full_presentable/figures/stats/pairwise_effect_own_utility_profile-F_steps-36_role-buyer.png
/Users/manangup/Desktop/Manan/UCSB/Winter26/GameTheory/Project/Project/results/presentation/run_full_presentable/figures/stats/pairwise_effect_welfare_profile-F_steps-36_role-buyer.png
/Users/manangup/Desktop/Manan/UCSB/Winter26/GameTheory/Project/Project/results/presentation/run_full_presentable/figures/stats/pairwise_effect_nash_distance_profile-F_steps-36_role-buyer.png
/Users/manangup/Desktop/Manan/UCSB/Winter26/GameTheory/Project/Project/results/presentation/run_full_presentable/figures/stats/pairwise_effect_kalai_distance_profile-F_steps-36_role-buyer.png
/Users/manangup/Desktop/Manan/UCSB/Winter26/GameTheory/Project/Project/results/presentation/run_full_presentable/figures/stats/pairwise_effect_ks_distance_profile-F_steps-36_role-buyer.png
/Users/manangup/Desktop/Manan/UCSB/Winter26/GameTheory/Project/Project/results/presentation/run_full_presentable/figures/stats/pairwise_effect_money_left_on_table_profile-F_steps-36_role-buyer.png
/Users/manangup/Desktop/Manan/UCSB/Winter26/GameTheory/Project/Project/results/presentation/run_full_presentable/figures/stats/pairwise_effect_welfare_regret_profile-F_steps-36_role-buyer.png
/Users/manangup/Desktop/Manan/UCSB/Winter26/GameTheory/Project/Project/results/presentation/run_full_presentable/figures/stats/pairwise_effect_agreement_profile-F_steps-36_role-seller.png
/Users/manangup/Desktop/Manan/UCSB/Winter26/GameTheory/Project/Project/results/presentation/run_full_presentable/figures/stats/pairwise_effect_own_utility_profile-F_steps-36_role-seller.png
/Users/manangup/Desktop/Manan/UCSB/Winter26/GameTheory/Project/Project/results/presentation/run_full_presentable/figures/stats/pairwise_effect_welfare_profile-F_steps-36_role-seller.png
/Users/manangup/Desktop/Manan/UCSB/Winter26/GameTheory/Project/Project/results/presentation/run_full_presentable/figures/stats/pairwise_effect_nash_distance_profile-F_steps-36_role-seller.png
/Users/manangup/Desktop/Manan/UCSB/Winter26/GameTheory/Project/Project/results/presentation/run_full_presentable/figures/stats/pairwise_effect_kalai_distance_profile-F_steps-36_role-seller.png
/Users/manangup/Desktop/Manan/UCSB/Winter26/GameTheory/Project/Project/results/presentation/run_full_presentable/figures/stats/pairwise_effect_ks_distance_profile-F_steps-36_role-seller.png
/Users/manangup/Desktop/Manan/UCSB/Winter26/GameTheory/Project/Project/results/presentation/run_full_presentable/figures/stats/pairwise_effect_money_left_on_table_profile-F_steps-36_role-seller.png
/Users/manangup/Desktop/Manan/UCSB/Winter26/GameTheory/Project/Project/results/presentation/run_full_presentable/figures/stats/pairwise_effect_welfare_regret_profile-F_steps-36_role-seller.png
